[run] Q14-E002R2 attempt at 2026-09-25T13:48:32.566466+00:00
S088: 3 official EDF headers/checksums verified
Downloading file 'S089/S089R04.edf' from 'https://physionet.org/files/eegmmidb/1.0.0/S089/S089R04.edf' to '/root/autodl-tmp/physionet/MNE-eegbci-data/files/eegmmidb/1.0.0'.
Downloading file 'S089/S089R08.edf' from 'https://physionet.org/files/eegmmidb/1.0.0/S089/S089R08.edf' to '/root/autodl-tmp/physionet/MNE-eegbci-data/files/eegmmidb/1.0.0'.
Downloading file 'S089/S089R12.edf' from 'https://physionet.org/files/eegmmidb/1.0.0/S089/S089R12.edf' to '/root/autodl-tmp/physionet/MNE-eegbci-data/files/eegmmidb/1.0.0'.
S089: 3 official EDF headers/checksums verified
Downloading file 'S090/S090R04.edf' from 'https://physionet.org/files/eegmmidb/1.0.0/S090/S090R04.edf' to '/root/autodl-tmp/physionet/MNE-eegbci-data/files/eegmmidb/1.0.0'.
Downloading file 'S090/S090R08.edf' from 'https://physionet.org/files/eegmmidb/1.0.0/S090/S090R08.edf' to '/root/autodl-tmp/physionet/MNE-eegbci-data/files/eegmmidb/1.0.0'.
Downloading file 'S090/S090R12.edf' from 'https://physionet.org/files/eegmmidb/1.0.0/S090/S090R12.edf' to '/root/autodl-tmp/physionet/MNE-eegbci-data/files/eegmmidb/1.0.0'.
S090: 3 official EDF headers/checksums verified
Downloading file 'S091/S091R04.edf' from 'https://physionet.org/files/eegmmidb/1.0.0/S091/S091R04.edf' to '/root/autodl-tmp/physionet/MNE-eegbci-data/files/eegmmidb/1.0.0'.
Downloading file 'S091/S091R08.edf' from 'https://physionet.org/files/eegmmidb/1.0.0/S091/S091R08.edf' to '/root/autodl-tmp/physionet/MNE-eegbci-data/files/eegmmidb/1.0.0'.
Downloading file 'S091/S091R12.edf' from 'https://physionet.org/files/eegmmidb/1.0.0/S091/S091R12.edf' to '/root/autodl-tmp/physionet/MNE-eegbci-data/files/eegmmidb/1.0.0'.
S091: 3 official EDF headers/checksums verified
Downloading file 'S092/S092R04.edf' from 'https://physionet.org/files/eegmmidb/1.0.0/S092/S092R04.edf' to '/root/autodl-tmp/physionet/MNE-eegbci-data/files/eegmmidb/1.0.0'.
Downloading file 'S092/S092R08.edf' from 'https://physionet.org/files/eegmmidb/1.0.0/S092/S092R08.edf' to '/root/autodl-tmp/physionet/MNE-eegbci-data/files/eegmmidb/1.0.0'.
Downloading file 'S092/S092R12.edf' from 'https://physionet.org/files/eegmmidb/1.0.0/S092/S092R12.edf' to '/root/autodl-tmp/physionet/MNE-eegbci-data/files/eegmmidb/1.0.0'.
S092: 3 official EDF headers/checksums verified
Downloading file 'S093/S093R04.edf' from 'https://physionet.org/files/eegmmidb/1.0.0/S093/S093R04.edf' to '/root/autodl-tmp/physionet/MNE-eegbci-data/files/eegmmidb/1.0.0'.
Downloading file 'S093/S093R08.edf' from 'https://physionet.org/files/eegmmidb/1.0.0/S093/S093R08.edf' to '/root/autodl-tmp/physionet/MNE-eegbci-data/files/eegmmidb/1.0.0'.
Downloading file 'S093/S093R12.edf' from 'https://physionet.org/files/eegmmidb/1.0.0/S093/S093R12.edf' to '/root/autodl-tmp/physionet/MNE-eegbci-data/files/eegmmidb/1.0.0'.
S093: 3 official EDF headers/checksums verified
Downloading file 'S094/S094R04.edf' from 'https://physionet.org/files/eegmmidb/1.0.0/S094/S094R04.edf' to '/root/autodl-tmp/physionet/MNE-eegbci-data/files/eegmmidb/1.0.0'.
Downloading file 'S094/S094R08.edf' from 'https://physionet.org/files/eegmmidb/1.0.0/S094/S094R08.edf' to '/root/autodl-tmp/physionet/MNE-eegbci-data/files/eegmmidb/1.0.0'.
Downloading file 'S094/S094R12.edf' from 'https://physionet.org/files/eegmmidb/1.0.0/S094/S094R12.edf' to '/root/autodl-tmp/physionet/MNE-eegbci-data/files/eegmmidb/1.0.0'.
S094: 3 official EDF headers/checksums verified
Downloading file 'S095/S095R04.edf' from 'https://physionet.org/files/eegmmidb/1.0.0/S095/S095R04.edf' to '/root/autodl-tmp/physionet/MNE-eegbci-data/files/eegmmidb/1.0.0'.
Downloading file 'S095/S095R08.edf' from 'https://physionet.org/files/eegmmidb/1.0.0/S095/S095R08.edf' to '/root/autodl-tmp/physionet/MNE-eegbci-data/files/eegmmidb/1.0.0'.
Downloading file 'S095/S095R12.edf' from 'https://physionet.org/files/eegmmidb/1.0.0/S095/S095R12.edf' to '/root/autodl-tmp/physionet/MNE-eegbci-data/files/eegmmidb/1.0.0'.
S095: 3 official EDF headers/checksums verified
Downloading file 'S096/S096R04.edf' from 'https://physionet.org/files/eegmmidb/1.0.0/S096/S096R04.edf' to '/root/autodl-tmp/physionet/MNE-eegbci-data/files/eegmmidb/1.0.0'.
Downloading file 'S096/S096R08.edf' from 'https://physionet.org/files/eegmmidb/1.0.0/S096/S096R08.edf' to '/root/autodl-tmp/physionet/MNE-eegbci-data/files/eegmmidb/1.0.0'.
Downloading file 'S096/S096R12.edf' from 'https://physionet.org/files/eegmmidb/1.0.0/S096/S096R12.edf' to '/root/autodl-tmp/physionet/MNE-eegbci-data/files/eegmmidb/1.0.0'.
S096: 3 official EDF headers/checksums verified
Downloading file 'S097/S097R04.edf' from 'https://physionet.org/files/eegmmidb/1.0.0/S097/S097R04.edf' to '/root/autodl-tmp/physionet/MNE-eegbci-data/files/eegmmidb/1.0.0'.
Downloading file 'S097/S097R08.edf' from 'https://physionet.org/files/eegmmidb/1.0.0/S097/S097R08.edf' to '/root/autodl-tmp/physionet/MNE-eegbci-data/files/eegmmidb/1.0.0'.
Downloading file 'S097/S097R12.edf' from 'https://physionet.org/files/eegmmidb/1.0.0/S097/S097R12.edf' to '/root/autodl-tmp/physionet/MNE-eegbci-data/files/eegmmidb/1.0.0'.
S097: 3 official EDF headers/checksums verified
Downloading file 'S098/S098R04.edf' from 'https://physionet.org/files/eegmmidb/1.0.0/S098/S098R04.edf' to '/root/autodl-tmp/physionet/MNE-eegbci-data/files/eegmmidb/1.0.0'.
Downloading file 'S098/S098R08.edf' from 'https://physionet.org/files/eegmmidb/1.0.0/S098/S098R08.edf' to '/root/autodl-tmp/physionet/MNE-eegbci-data/files/eegmmidb/1.0.0'.
Downloading file 'S098/S098R12.edf' from 'https://physionet.org/files/eegmmidb/1.0.0/S098/S098R12.edf' to '/root/autodl-tmp/physionet/MNE-eegbci-data/files/eegmmidb/1.0.0'.
S098: 3 official EDF headers/checksums verified
Downloading file 'S099/S099R04.edf' from 'https://physionet.org/files/eegmmidb/1.0.0/S099/S099R04.edf' to '/root/autodl-tmp/physionet/MNE-eegbci-data/files/eegmmidb/1.0.0'.
Downloading file 'S099/S099R08.edf' from 'https://physionet.org/files/eegmmidb/1.0.0/S099/S099R08.edf' to '/root/autodl-tmp/physionet/MNE-eegbci-data/files/eegmmidb/1.0.0'.
Downloading file 'S099/S099R12.edf' from 'https://physionet.org/files/eegmmidb/1.0.0/S099/S099R12.edf' to '/root/autodl-tmp/physionet/MNE-eegbci-data/files/eegmmidb/1.0.0'.
S099: 3 official EDF headers/checksums verified
/root/autodl-tmp/cross-subject-mi-eeg/scripts/q14_r2_external.py:87: RuntimeWarning: Limited 1 annotation(s) that were expanding outside the data range.
  raw = mne.io.read_raw_edf(file, preload=False, verbose=False)
/root/autodl-tmp/cross-subject-mi-eeg/scripts/q14_r2_external.py:87: RuntimeWarning: Limited 1 annotation(s) that were expanding outside the data range.
  raw = mne.io.read_raw_edf(file, preload=False, verbose=False)
/root/autodl-tmp/cross-subject-mi-eeg/scripts/q14_r2_external.py:87: RuntimeWarning: Limited 1 annotation(s) that were expanding outside the data range.
  raw = mne.io.read_raw_edf(file, preload=False, verbose=False)
S100: 3 official EDF headers/checksums verified
Downloading file 'S101/S101R04.edf' from 'https://physionet.org/files/eegmmidb/1.0.0/S101/S101R04.edf' to '/root/autodl-tmp/physionet/MNE-eegbci-data/files/eegmmidb/1.0.0'.
Downloading file 'S101/S101R08.edf' from 'https://physionet.org/files/eegmmidb/1.0.0/S101/S101R08.edf' to '/root/autodl-tmp/physionet/MNE-eegbci-data/files/eegmmidb/1.0.0'.
Downloading file 'S101/S101R12.edf' from 'https://physionet.org/files/eegmmidb/1.0.0/S101/S101R12.edf' to '/root/autodl-tmp/physionet/MNE-eegbci-data/files/eegmmidb/1.0.0'.
S101: 3 official EDF headers/checksums verified
Downloading file 'S102/S102R04.edf' from 'https://physionet.org/files/eegmmidb/1.0.0/S102/S102R04.edf' to '/root/autodl-tmp/physionet/MNE-eegbci-data/files/eegmmidb/1.0.0'.
Downloading file 'S102/S102R08.edf' from 'https://physionet.org/files/eegmmidb/1.0.0/S102/S102R08.edf' to '/root/autodl-tmp/physionet/MNE-eegbci-data/files/eegmmidb/1.0.0'.
Downloading file 'S102/S102R12.edf' from 'https://physionet.org/files/eegmmidb/1.0.0/S102/S102R12.edf' to '/root/autodl-tmp/physionet/MNE-eegbci-data/files/eegmmidb/1.0.0'.
S102: 3 official EDF headers/checksums verified
Downloading file 'S103/S103R04.edf' from 'https://physionet.org/files/eegmmidb/1.0.0/S103/S103R04.edf' to '/root/autodl-tmp/physionet/MNE-eegbci-data/files/eegmmidb/1.0.0'.
Downloading file 'S103/S103R08.edf' from 'https://physionet.org/files/eegmmidb/1.0.0/S103/S103R08.edf' to '/root/autodl-tmp/physionet/MNE-eegbci-data/files/eegmmidb/1.0.0'.
Downloading file 'S103/S103R12.edf' from 'https://physionet.org/files/eegmmidb/1.0.0/S103/S103R12.edf' to '/root/autodl-tmp/physionet/MNE-eegbci-data/files/eegmmidb/1.0.0'.
S103: 3 official EDF headers/checksums verified
Downloading file 'S104/S104R04.edf' from 'https://physionet.org/files/eegmmidb/1.0.0/S104/S104R04.edf' to '/root/autodl-tmp/physionet/MNE-eegbci-data/files/eegmmidb/1.0.0'.
Downloading file 'S104/S104R08.edf' from 'https://physionet.org/files/eegmmidb/1.0.0/S104/S104R08.edf' to '/root/autodl-tmp/physionet/MNE-eegbci-data/files/eegmmidb/1.0.0'.
Downloading file 'S104/S104R12.edf' from 'https://physionet.org/files/eegmmidb/1.0.0/S104/S104R12.edf' to '/root/autodl-tmp/physionet/MNE-eegbci-data/files/eegmmidb/1.0.0'.
S104: 3 official EDF headers/checksums verified
Downloading file 'S105/S105R04.edf' from 'https://physionet.org/files/eegmmidb/1.0.0/S105/S105R04.edf' to '/root/autodl-tmp/physionet/MNE-eegbci-data/files/eegmmidb/1.0.0'.
Downloading file 'S105/S105R08.edf' from 'https://physionet.org/files/eegmmidb/1.0.0/S105/S105R08.edf' to '/root/autodl-tmp/physionet/MNE-eegbci-data/files/eegmmidb/1.0.0'.
Downloading file 'S105/S105R12.edf' from 'https://physionet.org/files/eegmmidb/1.0.0/S105/S105R12.edf' to '/root/autodl-tmp/physionet/MNE-eegbci-data/files/eegmmidb/1.0.0'.
S105: 3 official EDF headers/checksums verified
Downloading file 'S106/S106R04.edf' from 'https://physionet.org/files/eegmmidb/1.0.0/S106/S106R04.edf' to '/root/autodl-tmp/physionet/MNE-eegbci-data/files/eegmmidb/1.0.0'.
Downloading file 'S106/S106R08.edf' from 'https://physionet.org/files/eegmmidb/1.0.0/S106/S106R08.edf' to '/root/autodl-tmp/physionet/MNE-eegbci-data/files/eegmmidb/1.0.0'.
Downloading file 'S106/S106R12.edf' from 'https://physionet.org/files/eegmmidb/1.0.0/S106/S106R12.edf' to '/root/autodl-tmp/physionet/MNE-eegbci-data/files/eegmmidb/1.0.0'.
S106: 3 official EDF headers/checksums verified
Downloading file 'S107/S107R04.edf' from 'https://physionet.org/files/eegmmidb/1.0.0/S107/S107R04.edf' to '/root/autodl-tmp/physionet/MNE-eegbci-data/files/eegmmidb/1.0.0'.
Downloading file 'S107/S107R08.edf' from 'https://physionet.org/files/eegmmidb/1.0.0/S107/S107R08.edf' to '/root/autodl-tmp/physionet/MNE-eegbci-data/files/eegmmidb/1.0.0'.
Downloading file 'S107/S107R12.edf' from 'https://physionet.org/files/eegmmidb/1.0.0/S107/S107R12.edf' to '/root/autodl-tmp/physionet/MNE-eegbci-data/files/eegmmidb/1.0.0'.
S107: 3 official EDF headers/checksums verified
Downloading file 'S108/S108R04.edf' from 'https://physionet.org/files/eegmmidb/1.0.0/S108/S108R04.edf' to '/root/autodl-tmp/physionet/MNE-eegbci-data/files/eegmmidb/1.0.0'.
Downloading file 'S108/S108R08.edf' from 'https://physionet.org/files/eegmmidb/1.0.0/S108/S108R08.edf' to '/root/autodl-tmp/physionet/MNE-eegbci-data/files/eegmmidb/1.0.0'.
Downloading file 'S108/S108R12.edf' from 'https://physionet.org/files/eegmmidb/1.0.0/S108/S108R12.edf' to '/root/autodl-tmp/physionet/MNE-eegbci-data/files/eegmmidb/1.0.0'.
S108: 3 official EDF headers/checksums verified
Downloading file 'S109/S109R04.edf' from 'https://physionet.org/files/eegmmidb/1.0.0/S109/S109R04.edf' to '/root/autodl-tmp/physionet/MNE-eegbci-data/files/eegmmidb/1.0.0'.
Downloading file 'S109/S109R08.edf' from 'https://physionet.org/files/eegmmidb/1.0.0/S109/S109R08.edf' to '/root/autodl-tmp/physionet/MNE-eegbci-data/files/eegmmidb/1.0.0'.
Downloading file 'S109/S109R12.edf' from 'https://physionet.org/files/eegmmidb/1.0.0/S109/S109R12.edf' to '/root/autodl-tmp/physionet/MNE-eegbci-data/files/eegmmidb/1.0.0'.
S109: 3 official EDF headers/checksums verified
S001--S087: byte-identical custody copies verified
/root/autodl-tmp/q9-venv/lib/python3.12/site-packages/braindecode/models/eegpt.py:497: FutureWarning: Montage name 'standard_1020' is deprecated and will be removed in MNE 1.14. Use 'colin27_1020' instead.
  montage = mne.channels.make_standard_montage("standard_1020")
S088: 57 trials, 399 prediction rows
{"status": "pushed_with_skipped_files", "result_commit": "6fa2f8aae9ff0431e28b3ab13c9066b6100f4739", "reason": null}
[checkpoint] GitHub subject snapshot pushed
S089: 45 trials, 315 prediction rows
{"status": "pushed_with_skipped_files", "result_commit": "c30718a6b99f2118006c9eeab062a220ac0a4dbc", "reason": null}
[checkpoint] GitHub subject snapshot pushed
S090: 45 trials, 315 prediction rows
{"status": "pushed_with_skipped_files", "result_commit": "375db917713e9ac61a37f5e632ec243e7d92606b", "reason": null}
[checkpoint] GitHub subject snapshot pushed
S091: 45 trials, 315 prediction rows
{"status": "pushed_with_skipped_files", "result_commit": "aa0ec4ce68f1a364b5107adefbe6dc0a1f088d0d", "reason": null}
[checkpoint] GitHub subject snapshot pushed
S092: 57 trials, 399 prediction rows
{"status": "pushed_with_skipped_files", "result_commit": "5923dc6dd73b8047fc4aab9fdfa1da3bccf597cf", "reason": null}
[checkpoint] GitHub subject snapshot pushed
S093: 45 trials, 315 prediction rows
{"status": "pushed_with_skipped_files", "result_commit": "2bc796b9500c0fd495ce32a546e9bda439304ff4", "reason": null}
[checkpoint] GitHub subject snapshot pushed
S094: 45 trials, 315 prediction rows
{"status": "pushed_with_skipped_files", "result_commit": "af56a18671b80d23ccf2f8f33bf672f46f0fff74", "reason": null}
[checkpoint] GitHub subject snapshot pushed
S095: 45 trials, 315 prediction rows
{"status": "pushed_with_skipped_files", "result_commit": "46cc9da201382b55e9d851d6e39bf325ab79bbd4", "reason": null}
[checkpoint] GitHub subject snapshot pushed
S096: 45 trials, 315 prediction rows
{"status": "pushed_with_skipped_files", "result_commit": "974f9c04ed9fc6f5b5546950b572b1d0eb269f31", "reason": null}
[checkpoint] GitHub subject snapshot pushed
S097: 45 trials, 315 prediction rows
{"status": "pushed_with_skipped_files", "result_commit": "cdbf059d210234a134b19419d3189897b3adebce", "reason": null}
[checkpoint] GitHub subject snapshot pushed
S098: 45 trials, 315 prediction rows
{"status": "pushed_with_skipped_files", "result_commit": "0b90b88ae2595da00e8637aec9e4f08177d06fe8", "reason": null}
[checkpoint] GitHub subject snapshot pushed
S099: 45 trials, 315 prediction rows
{"status": "pushed_with_skipped_files", "result_commit": "3fc26dacc440e65156b742811ab3c4201ba91db5", "reason": null}
[checkpoint] GitHub subject snapshot pushed
/root/autodl-tmp/cross-subject-mi-eeg/scripts/q14_r2_external.py:160: RuntimeWarning: Limited 1 annotation(s) that were expanding outside the data range.
  raw = mne.io.read_raw_edf(file, preload=True, verbose=False)
/root/autodl-tmp/cross-subject-mi-eeg/scripts/q14_r2_external.py:160: RuntimeWarning: Limited 1 annotation(s) that were expanding outside the data range.
  raw = mne.io.read_raw_edf(file, preload=True, verbose=False)
/root/autodl-tmp/cross-subject-mi-eeg/scripts/q14_r2_external.py:160: RuntimeWarning: Limited 1 annotation(s) that were expanding outside the data range.
  raw = mne.io.read_raw_edf(file, preload=True, verbose=False)
S100: 36 trials, 252 prediction rows
{"status": "pushed_with_skipped_files", "result_commit": "6a2e86d24f19bc569827ee5db80ba98cba7739eb", "reason": null}
[checkpoint] GitHub subject snapshot pushed
S101: 45 trials, 315 prediction rows
{"status": "pushed_with_skipped_files", "result_commit": "66666a0d1905c6590fc09d5fc183215947fa7cdd", "reason": null}
[checkpoint] GitHub subject snapshot pushed
S102: 45 trials, 315 prediction rows
{"status": "pushed_with_skipped_files", "result_commit": "79033780de42032ce1302f0beb5c3fae64bfbb4c", "reason": null}
[checkpoint] GitHub subject snapshot pushed
S103: 45 trials, 315 prediction rows
{"status": "pushed_with_skipped_files", "result_commit": "ff502afc7fb6aa9faec2b1e71b1c10ed798890db", "reason": null}
[checkpoint] GitHub subject snapshot pushed
S104: 43 trials, 301 prediction rows
{"status": "pushed_with_skipped_files", "result_commit": "7e2cdc9e8c3f4e8577be6142370f297604b29733", "reason": null}
[checkpoint] GitHub subject snapshot pushed
S105: 45 trials, 315 prediction rows
{"status": "pushed_with_skipped_files", "result_commit": "33bafc88c40b7c2535faf43a226195b2b22f9a2a", "reason": null}
[checkpoint] GitHub subject snapshot pushed
S106: 45 trials, 315 prediction rows
{"status": "pushed_with_skipped_files", "result_commit": "1153ab0908c17bbf0d0ef4eb288f3ba309641473", "reason": null}
[checkpoint] GitHub subject snapshot pushed
S107: 45 trials, 315 prediction rows
{"status": "pushed_with_skipped_files", "result_commit": "6fb3c0451d97f880d06dc371a75ca197d61a4581", "reason": null}
[checkpoint] GitHub subject snapshot pushed
S108: 45 trials, 315 prediction rows
{"status": "pushed_with_skipped_files", "result_commit": "bad8986481d8b572c27d49fc9efd116834e26593", "reason": null}
[checkpoint] GitHub subject snapshot pushed
S109: 45 trials, 315 prediction rows
{"status": "pushed_with_skipped_files", "result_commit": "9874781caead94c646d69c2a3d9f6c544b60d0f2", "reason": null}
[checkpoint] GitHub subject snapshot pushed
[validate] Q14-E002R2 at 2026-09-25T14:29:15.970875+00:00
S088: 3 official EDF headers/checksums verified
S089: 3 official EDF headers/checksums verified
S090: 3 official EDF headers/checksums verified
S091: 3 official EDF headers/checksums verified
S092: 3 official EDF headers/checksums verified
S093: 3 official EDF headers/checksums verified
S094: 3 official EDF headers/checksums verified
S095: 3 official EDF headers/checksums verified
S096: 3 official EDF headers/checksums verified
S097: 3 official EDF headers/checksums verified
S098: 3 official EDF headers/checksums verified
S099: 3 official EDF headers/checksums verified
/root/autodl-tmp/cross-subject-mi-eeg/scripts/q14_r2_external.py:87: RuntimeWarning: Limited 1 annotation(s) that were expanding outside the data range.
  raw = mne.io.read_raw_edf(file, preload=False, verbose=False)
/root/autodl-tmp/cross-subject-mi-eeg/scripts/q14_r2_external.py:87: RuntimeWarning: Limited 1 annotation(s) that were expanding outside the data range.
  raw = mne.io.read_raw_edf(file, preload=False, verbose=False)
/root/autodl-tmp/cross-subject-mi-eeg/scripts/q14_r2_external.py:87: RuntimeWarning: Limited 1 annotation(s) that were expanding outside the data range.
  raw = mne.io.read_raw_edf(file, preload=False, verbose=False)
S100: 3 official EDF headers/checksums verified
S101: 3 official EDF headers/checksums verified
S102: 3 official EDF headers/checksums verified
S103: 3 official EDF headers/checksums verified
S104: 3 official EDF headers/checksums verified
S105: 3 official EDF headers/checksums verified
S106: 3 official EDF headers/checksums verified
S107: 3 official EDF headers/checksums verified
S108: 3 official EDF headers/checksums verified
S109: 3 official EDF headers/checksums verified
/root/autodl-tmp/cross-subject-mi-eeg/scripts/q14_r2_validate.py:60: RuntimeWarning: Limited 1 annotation(s) that were expanding outside the data range.
  raw = mne.io.read_raw_edf(path, preload=False, verbose=False)
/root/autodl-tmp/cross-subject-mi-eeg/scripts/q14_r2_validate.py:60: RuntimeWarning: Limited 1 annotation(s) that were expanding outside the data range.
  raw = mne.io.read_raw_edf(path, preload=False, verbose=False)
/root/autodl-tmp/cross-subject-mi-eeg/scripts/q14_r2_validate.py:60: RuntimeWarning: Limited 1 annotation(s) that were expanding outside the data range.
  raw = mne.io.read_raw_edf(path, preload=False, verbose=False)
Traceback (most recent call last):
  File "/root/autodl-tmp/cross-subject-mi-eeg/scripts/q14_r2_validate.py", line 422, in <module>
    main()
  File "/root/autodl-tmp/cross-subject-mi-eeg/scripts/q14_r2_validate.py", line 418, in main
    print(json.dumps(validate(args.data_dir), indent=2), flush=True)
                     ^^^^^^^^^^^^^^^^^^^^^^^
  File "/root/autodl-tmp/cross-subject-mi-eeg/scripts/q14_r2_validate.py", line 280, in validate
    pd.testing.assert_frame_equal(reconstructed, aggregate, check_dtype=False, check_exact=True)
  File "/root/autodl-tmp/q9-venv/lib/python3.12/site-packages/pandas/util/_decorators.py", line 220, in wrapper
    return func(*args, **kwargs)
           ^^^^^^^^^^^^^^^^^^^^^
  File "/root/autodl-tmp/q9-venv/lib/python3.12/site-packages/pandas/_testing/asserters.py", line 1347, in assert_frame_equal
    assert_series_equal(
  File "/root/autodl-tmp/q9-venv/lib/python3.12/site-packages/pandas/util/_decorators.py", line 193, in wrapper
    return func(*args, **kwargs)
           ^^^^^^^^^^^^^^^^^^^^^
  File "/root/autodl-tmp/q9-venv/lib/python3.12/site-packages/pandas/_testing/asserters.py", line 1051, in assert_series_equal
    assert_numpy_array_equal(
  File "/root/autodl-tmp/q9-venv/lib/python3.12/site-packages/pandas/_testing/asserters.py", line 695, in assert_numpy_array_equal
    _raise(left, right, err_msg)
  File "/root/autodl-tmp/q9-venv/lib/python3.12/site-packages/pandas/_testing/asserters.py", line 689, in _raise
    raise_assert_detail(obj, msg, left, right, index_values=index_values)
  File "/root/autodl-tmp/q9-venv/lib/python3.12/site-packages/pandas/_testing/asserters.py", line 619, in raise_assert_detail
    raise AssertionError(msg)
AssertionError: DataFrame.iloc[:, 9] (column name="p_left") are different

DataFrame.iloc[:, 9] (column name="p_left") values are different (0.31081 %)
[index]: [0, 1, 2, 3, 4, 5, 6, 7, 8, 9, 10, 11, 12, 13, 14, 15, 16, 17, 18, 19, 20, 21, 22, 23, 24, 25, 26, 27, 28, 29, 30, 31, 32, 33, 34, 35, 36, 37, 38, 39, 40, 41, 42, 43, 44, 45, 46, 47, 48, 49, 50, 51, 52, 53, 54, 55, 56, 57, 58, 59, 60, 61, 62, 63, 64, 65, 66, 67, 68, 69, 70, 71, 72, 73, 74, 75, 76, 77, 78, 79, 80, 81, 82, 83, 84, 85, 86, 87, 88, 89, 90, 91, 92, 93, 94, 95, 96, 97, 98, 99, ...]
[left]:  [0.4142479002475738, 0.9242834448814392, 0.9784255623817444, 0.0442891120910644, 0.3391167223453522, 0.524960458278656, 0.0235057417303323, 0.2913126945495605, 0.0719450414180755, 0.1693116575479507, 0.977087378501892, 0.0208510607481002, 0.9879620671272278, 0.1084039062261581, 0.855141818523407, 0.257498174905777, 0.0335777774453163, 0.6339105367660522, 0.1373437047004699, 0.5774893164634705, 0.3113264739513397, 0.0066355215385556, 0.2226030528545379, 0.7321316599845886, 0.947154700756073, 0.3552235662937164, 0.0092866132035851, 0.569167971611023, 0.0542678013443946, 0.9923142790794371, 0.3498827517032623, 0.9199483394622804, 0.6527722477912903, 0.3053366839885711, 0.9236706495285034, 0.0020103931892663, 0.3145015835762024, 0.9430416226387024, 0.9999995231628418, 0.013113722205162, 0.7458678483963013, 0.9998823404312134, 0.0660985261201858, 0.0756255313754081, 0.8941275477409363, 0.1352313905954361, 0.95935720205307, 0.9849136471748352, 0.0622358061373233, 0.7466573715209961, 0.8245757818222046, 0.050076849758625, 0.962791383266449, 0.1352417171001434, 0.0706717669963836, 0.9932399988174438, 0.0779142752289772, 0.996321439743042, 0.0166258420795202, 0.8081355094909668, 0.2121539413928985, 0.0597686804831028, 0.9354512095451356, 0.0579662546515464, 0.4782114028930664, 0.3404724299907684, 0.0117157399654388, 0.9142987728118896, 0.7624093890190125, 0.887973427772522, 0.8465790748596191, 0.1915033310651779, 0.5367534756660461, 0.263090580701828, 0.997736930847168, 0.4021329879760742, 0.9834402799606324, 0.7318932414054871, 0.1817041039466858, 0.997187316417694, 0.0905511751770973, 0.9870104789733888, 0.983039140701294, 1.0, 0.0688970685005188, 0.8228099346160889, 0.9998515844345092, 0.0048706335946917, 0.2071556150913238, 0.9904276132583618, 0.5114578008651733, 0.9490384459495544, 0.9946737289428712, 0.0395234152674675, 0.4573360681533813, 0.7514421939849854, 0.0795485749840736, 0.5591402649879456, 0.2461905032396316, 0.5694243311882019, ...]
[right]: [0.4142479002475738, 0.9242834448814392, 0.9784255623817444, 0.0442891120910644, 0.3391167223453522, 0.524960458278656, 0.0235057417303323, 0.2913126945495605, 0.0719450414180755, 0.1693116575479507, 0.977087378501892, 0.0208510607481002, 0.9879620671272278, 0.1084039062261581, 0.855141818523407, 0.257498174905777, 0.0335777774453163, 0.6339105367660522, 0.1373437047004699, 0.5774893164634705, 0.3113264739513397, 0.0066355215385556, 0.2226030528545379, 0.7321316599845886, 0.947154700756073, 0.3552235662937164, 0.0092866132035851, 0.569167971611023, 0.0542678013443946, 0.9923142790794371, 0.3498827517032623, 0.9199483394622804, 0.6527722477912903, 0.3053366839885711, 0.9236706495285034, 0.0020103931892663, 0.3145015835762024, 0.9430416226387024, 0.9999995231628418, 0.013113722205162, 0.7458678483963013, 0.9998823404312134, 0.0660985261201858, 0.0756255313754081, 0.8941275477409363, 0.1352313905954361, 0.95935720205307, 0.9849136471748352, 0.0622358061373233, 0.7466573715209961, 0.8245757818222046, 0.050076849758625, 0.962791383266449, 0.1352417171001434, 0.0706717669963836, 0.9932399988174438, 0.0779142752289772, 0.996321439743042, 0.0166258420795202, 0.8081355094909668, 0.2121539413928985, 0.0597686804831028, 0.9354512095451356, 0.0579662546515464, 0.4782114028930664, 0.3404724299907684, 0.0117157399654388, 0.9142987728118896, 0.7624093890190125, 0.887973427772522, 0.8465790748596191, 0.1915033310651779, 0.5367534756660461, 0.263090580701828, 0.997736930847168, 0.4021329879760742, 0.9834402799606324, 0.7318932414054871, 0.1817041039466858, 0.997187316417694, 0.0905511751770973, 0.9870104789733888, 0.983039140701294, 1.0, 0.0688970685005188, 0.8228099346160889, 0.9998515844345092, 0.0048706335946917, 0.2071556150913238, 0.9904276132583618, 0.5114578008651733, 0.9490384459495544, 0.9946737289428712, 0.0395234152674675, 0.4573360681533813, 0.7514421939849854, 0.0795485749840736, 0.5591402649879456, 0.2461905032396316, 0.5694243311882019, ...]
