[start] Q9-E001_MID_8_30_selection (2026-09-24T04:27:01.850997+00:00)
[start] Q9-E001_MID_8_30_selection (2026-09-24T04:31:22.203943+00:00)
[start] Q9-E001_MID_8_30_selection (2026-09-24T04:33:32.921104+00:00)
[start] Q9-E001_MID_8_30_selection (2026-09-24T04:42:24.368646+00:00)
[start] Q9-E001_MID_8_30_selection (2026-09-24T05:34:47.076793+00:00)
[start] Q9-E001_MID_8_30_selection (2026-09-24T05:39:20.548444+00:00)
[complete] Q9-E001_MID_8_30_selection
[start] Q9-E001_MID_8_30_final (2026-09-24T05:48:22.279228+00:00)
[complete] Q9-E001_MID_8_30_final
[start] Q9-E001_MU_8_13_selection (2026-09-24T05:52:10.255622+00:00)
[complete] Q9-E001_MU_8_13_selection
[start] Q9-E001_MU_8_13_final (2026-09-24T06:00:46.870724+00:00)
[complete] Q9-E001_MU_8_13_final
[start] Q9-E001_BETA_13_30_selection (2026-09-24T06:04:58.189890+00:00)
[complete] Q9-E001_BETA_13_30_selection
[start] Q9-E001_BETA_13_30_final (2026-09-24T06:14:21.745012+00:00)
[complete] Q9-E001_BETA_13_30_final
[start] Q9-E001_MU_BETA_SHARED_selection (2026-09-24T06:17:16.202660+00:00)
[complete] Q9-E001_MU_BETA_SHARED_selection
[start] Q9-E001_MU_BETA_SHARED_final (2026-09-24T06:29:35.402572+00:00)
[complete] Q9-E001_MU_BETA_SHARED_final
[start] Q9-A001_PSD44_both (2026-09-24T06:33:38.289767+00:00)
[complete] Q9-A001_PSD44_both
[start] Q9-E002_MID_8_30_Q8_EPOCHS_final (2026-09-24T06:34:42.778669+00:00)
[complete] Q9-E002_MID_8_30_Q8_EPOCHS_final
[start] Q9-E002_MU_BETA_SHARED_Q8_EPOCHS_final (2026-09-24T06:38:35.080422+00:00)
[complete] Q9-E002_MU_BETA_SHARED_Q8_EPOCHS_final
[start] Q9-E004_MU_BETA_SHARED_SOURCE_CLEAN_selection (2026-09-24T06:43:37.999430+00:00)
[complete] Q9-E004_MU_BETA_SHARED_SOURCE_CLEAN_selection
[start] Q9-E004_MU_BETA_SHARED_SOURCE_CLEAN_final (2026-09-24T06:54:55.007527+00:00)
[complete] Q9-E004_MU_BETA_SHARED_SOURCE_CLEAN_final
[start] Q9-E005_MU_BETA_SHARED_SOURCE_NORM_selection (2026-09-24T06:58:26.200616+00:00)
[complete] Q9-E005_MU_BETA_SHARED_SOURCE_NORM_selection
[start] Q9-E005_MU_BETA_SHARED_SOURCE_NORM_final (2026-09-24T07:11:26.370004+00:00)
[complete] Q9-E005_MU_BETA_SHARED_SOURCE_NORM_final
{
  "status": "passed_orchestration_only",
  "scientific_validation": "not_performed_by_this_batch_validator",
  "jobs_expected": 15,
  "jobs_complete": 15,
  "unselected_planned_conditions": [
    "MU_BETA_CSP8_EEGNET",
    "MU_BETA_PCA8_EEGNET"
  ],
  "errors": []
}
