
===== 2026-09-25T03:07:47.222161+00:00 start: e002_external =====
/root/autodl-tmp/q9-venv/lib/python3.12/site-packages/braindecode/models/eegpt.py:497: FutureWarning: Montage name 'standard_1020' is deprecated and will be removed in MNE 1.14. Use 'colin27_1020' instead.
  montage = mne.channels.make_standard_montage("standard_1020")
Downloading file 'S001/S001R04.edf' from 'https://physionet.org/files/eegmmidb/1.0.0/S001/S001R04.edf' to '/root/autodl-tmp/physionet/MNE-eegbci-data/files/eegmmidb/1.0.0'.
Downloading file 'S001/S001R08.edf' from 'https://physionet.org/files/eegmmidb/1.0.0/S001/S001R08.edf' to '/root/autodl-tmp/physionet/MNE-eegbci-data/files/eegmmidb/1.0.0'.
Downloading file 'S001/S001R12.edf' from 'https://physionet.org/files/eegmmidb/1.0.0/S001/S001R12.edf' to '/root/autodl-tmp/physionet/MNE-eegbci-data/files/eegmmidb/1.0.0'.
S001: 45 trials, 315 prediction rows
Downloading file 'S002/S002R04.edf' from 'https://physionet.org/files/eegmmidb/1.0.0/S002/S002R04.edf' to '/root/autodl-tmp/physionet/MNE-eegbci-data/files/eegmmidb/1.0.0'.
Downloading file 'S002/S002R08.edf' from 'https://physionet.org/files/eegmmidb/1.0.0/S002/S002R08.edf' to '/root/autodl-tmp/physionet/MNE-eegbci-data/files/eegmmidb/1.0.0'.
Downloading file 'S002/S002R12.edf' from 'https://physionet.org/files/eegmmidb/1.0.0/S002/S002R12.edf' to '/root/autodl-tmp/physionet/MNE-eegbci-data/files/eegmmidb/1.0.0'.
S002: 45 trials, 315 prediction rows
Downloading file 'S003/S003R04.edf' from 'https://physionet.org/files/eegmmidb/1.0.0/S003/S003R04.edf' to '/root/autodl-tmp/physionet/MNE-eegbci-data/files/eegmmidb/1.0.0'.
Downloading file 'S003/S003R08.edf' from 'https://physionet.org/files/eegmmidb/1.0.0/S003/S003R08.edf' to '/root/autodl-tmp/physionet/MNE-eegbci-data/files/eegmmidb/1.0.0'.
Downloading file 'S003/S003R12.edf' from 'https://physionet.org/files/eegmmidb/1.0.0/S003/S003R12.edf' to '/root/autodl-tmp/physionet/MNE-eegbci-data/files/eegmmidb/1.0.0'.
S003: 45 trials, 315 prediction rows
Downloading file 'S004/S004R04.edf' from 'https://physionet.org/files/eegmmidb/1.0.0/S004/S004R04.edf' to '/root/autodl-tmp/physionet/MNE-eegbci-data/files/eegmmidb/1.0.0'.
Downloading file 'S004/S004R08.edf' from 'https://physionet.org/files/eegmmidb/1.0.0/S004/S004R08.edf' to '/root/autodl-tmp/physionet/MNE-eegbci-data/files/eegmmidb/1.0.0'.
Downloading file 'S004/S004R12.edf' from 'https://physionet.org/files/eegmmidb/1.0.0/S004/S004R12.edf' to '/root/autodl-tmp/physionet/MNE-eegbci-data/files/eegmmidb/1.0.0'.
S004: 45 trials, 315 prediction rows
Downloading file 'S005/S005R04.edf' from 'https://physionet.org/files/eegmmidb/1.0.0/S005/S005R04.edf' to '/root/autodl-tmp/physionet/MNE-eegbci-data/files/eegmmidb/1.0.0'.
Downloading file 'S005/S005R08.edf' from 'https://physionet.org/files/eegmmidb/1.0.0/S005/S005R08.edf' to '/root/autodl-tmp/physionet/MNE-eegbci-data/files/eegmmidb/1.0.0'.
Downloading file 'S005/S005R12.edf' from 'https://physionet.org/files/eegmmidb/1.0.0/S005/S005R12.edf' to '/root/autodl-tmp/physionet/MNE-eegbci-data/files/eegmmidb/1.0.0'.
S005: 45 trials, 315 prediction rows
Downloading file 'S006/S006R04.edf' from 'https://physionet.org/files/eegmmidb/1.0.0/S006/S006R04.edf' to '/root/autodl-tmp/physionet/MNE-eegbci-data/files/eegmmidb/1.0.0'.
Downloading file 'S006/S006R08.edf' from 'https://physionet.org/files/eegmmidb/1.0.0/S006/S006R08.edf' to '/root/autodl-tmp/physionet/MNE-eegbci-data/files/eegmmidb/1.0.0'.
Downloading file 'S006/S006R12.edf' from 'https://physionet.org/files/eegmmidb/1.0.0/S006/S006R12.edf' to '/root/autodl-tmp/physionet/MNE-eegbci-data/files/eegmmidb/1.0.0'.
S006: 45 trials, 315 prediction rows
Downloading file 'S007/S007R04.edf' from 'https://physionet.org/files/eegmmidb/1.0.0/S007/S007R04.edf' to '/root/autodl-tmp/physionet/MNE-eegbci-data/files/eegmmidb/1.0.0'.
Downloading file 'S007/S007R08.edf' from 'https://physionet.org/files/eegmmidb/1.0.0/S007/S007R08.edf' to '/root/autodl-tmp/physionet/MNE-eegbci-data/files/eegmmidb/1.0.0'.
Downloading file 'S007/S007R12.edf' from 'https://physionet.org/files/eegmmidb/1.0.0/S007/S007R12.edf' to '/root/autodl-tmp/physionet/MNE-eegbci-data/files/eegmmidb/1.0.0'.
S007: 45 trials, 315 prediction rows
Downloading file 'S008/S008R04.edf' from 'https://physionet.org/files/eegmmidb/1.0.0/S008/S008R04.edf' to '/root/autodl-tmp/physionet/MNE-eegbci-data/files/eegmmidb/1.0.0'.
Downloading file 'S008/S008R08.edf' from 'https://physionet.org/files/eegmmidb/1.0.0/S008/S008R08.edf' to '/root/autodl-tmp/physionet/MNE-eegbci-data/files/eegmmidb/1.0.0'.
Downloading file 'S008/S008R12.edf' from 'https://physionet.org/files/eegmmidb/1.0.0/S008/S008R12.edf' to '/root/autodl-tmp/physionet/MNE-eegbci-data/files/eegmmidb/1.0.0'.
S008: 45 trials, 315 prediction rows
Downloading file 'S009/S009R04.edf' from 'https://physionet.org/files/eegmmidb/1.0.0/S009/S009R04.edf' to '/root/autodl-tmp/physionet/MNE-eegbci-data/files/eegmmidb/1.0.0'.
Downloading file 'S009/S009R08.edf' from 'https://physionet.org/files/eegmmidb/1.0.0/S009/S009R08.edf' to '/root/autodl-tmp/physionet/MNE-eegbci-data/files/eegmmidb/1.0.0'.
Downloading file 'S009/S009R12.edf' from 'https://physionet.org/files/eegmmidb/1.0.0/S009/S009R12.edf' to '/root/autodl-tmp/physionet/MNE-eegbci-data/files/eegmmidb/1.0.0'.
S009: 45 trials, 315 prediction rows
Downloading file 'S010/S010R04.edf' from 'https://physionet.org/files/eegmmidb/1.0.0/S010/S010R04.edf' to '/root/autodl-tmp/physionet/MNE-eegbci-data/files/eegmmidb/1.0.0'.
Downloading file 'S010/S010R08.edf' from 'https://physionet.org/files/eegmmidb/1.0.0/S010/S010R08.edf' to '/root/autodl-tmp/physionet/MNE-eegbci-data/files/eegmmidb/1.0.0'.
Downloading file 'S010/S010R12.edf' from 'https://physionet.org/files/eegmmidb/1.0.0/S010/S010R12.edf' to '/root/autodl-tmp/physionet/MNE-eegbci-data/files/eegmmidb/1.0.0'.
S010: 45 trials, 315 prediction rows
Downloading file 'S011/S011R04.edf' from 'https://physionet.org/files/eegmmidb/1.0.0/S011/S011R04.edf' to '/root/autodl-tmp/physionet/MNE-eegbci-data/files/eegmmidb/1.0.0'.
Downloading file 'S011/S011R08.edf' from 'https://physionet.org/files/eegmmidb/1.0.0/S011/S011R08.edf' to '/root/autodl-tmp/physionet/MNE-eegbci-data/files/eegmmidb/1.0.0'.
Downloading file 'S011/S011R12.edf' from 'https://physionet.org/files/eegmmidb/1.0.0/S011/S011R12.edf' to '/root/autodl-tmp/physionet/MNE-eegbci-data/files/eegmmidb/1.0.0'.
S011: 45 trials, 315 prediction rows
Downloading file 'S012/S012R04.edf' from 'https://physionet.org/files/eegmmidb/1.0.0/S012/S012R04.edf' to '/root/autodl-tmp/physionet/MNE-eegbci-data/files/eegmmidb/1.0.0'.
Downloading file 'S012/S012R08.edf' from 'https://physionet.org/files/eegmmidb/1.0.0/S012/S012R08.edf' to '/root/autodl-tmp/physionet/MNE-eegbci-data/files/eegmmidb/1.0.0'.
Downloading file 'S012/S012R12.edf' from 'https://physionet.org/files/eegmmidb/1.0.0/S012/S012R12.edf' to '/root/autodl-tmp/physionet/MNE-eegbci-data/files/eegmmidb/1.0.0'.
S012: 45 trials, 315 prediction rows
Downloading file 'S013/S013R04.edf' from 'https://physionet.org/files/eegmmidb/1.0.0/S013/S013R04.edf' to '/root/autodl-tmp/physionet/MNE-eegbci-data/files/eegmmidb/1.0.0'.
Downloading file 'S013/S013R08.edf' from 'https://physionet.org/files/eegmmidb/1.0.0/S013/S013R08.edf' to '/root/autodl-tmp/physionet/MNE-eegbci-data/files/eegmmidb/1.0.0'.
Downloading file 'S013/S013R12.edf' from 'https://physionet.org/files/eegmmidb/1.0.0/S013/S013R12.edf' to '/root/autodl-tmp/physionet/MNE-eegbci-data/files/eegmmidb/1.0.0'.
S013: 45 trials, 315 prediction rows
Downloading file 'S014/S014R04.edf' from 'https://physionet.org/files/eegmmidb/1.0.0/S014/S014R04.edf' to '/root/autodl-tmp/physionet/MNE-eegbci-data/files/eegmmidb/1.0.0'.
Downloading file 'S014/S014R08.edf' from 'https://physionet.org/files/eegmmidb/1.0.0/S014/S014R08.edf' to '/root/autodl-tmp/physionet/MNE-eegbci-data/files/eegmmidb/1.0.0'.
Downloading file 'S014/S014R12.edf' from 'https://physionet.org/files/eegmmidb/1.0.0/S014/S014R12.edf' to '/root/autodl-tmp/physionet/MNE-eegbci-data/files/eegmmidb/1.0.0'.
S014: 45 trials, 315 prediction rows
Downloading file 'S015/S015R04.edf' from 'https://physionet.org/files/eegmmidb/1.0.0/S015/S015R04.edf' to '/root/autodl-tmp/physionet/MNE-eegbci-data/files/eegmmidb/1.0.0'.
Downloading file 'S015/S015R08.edf' from 'https://physionet.org/files/eegmmidb/1.0.0/S015/S015R08.edf' to '/root/autodl-tmp/physionet/MNE-eegbci-data/files/eegmmidb/1.0.0'.
Downloading file 'S015/S015R12.edf' from 'https://physionet.org/files/eegmmidb/1.0.0/S015/S015R12.edf' to '/root/autodl-tmp/physionet/MNE-eegbci-data/files/eegmmidb/1.0.0'.
S015: 45 trials, 315 prediction rows
Downloading file 'S016/S016R04.edf' from 'https://physionet.org/files/eegmmidb/1.0.0/S016/S016R04.edf' to '/root/autodl-tmp/physionet/MNE-eegbci-data/files/eegmmidb/1.0.0'.
Downloading file 'S016/S016R08.edf' from 'https://physionet.org/files/eegmmidb/1.0.0/S016/S016R08.edf' to '/root/autodl-tmp/physionet/MNE-eegbci-data/files/eegmmidb/1.0.0'.
Downloading file 'S016/S016R12.edf' from 'https://physionet.org/files/eegmmidb/1.0.0/S016/S016R12.edf' to '/root/autodl-tmp/physionet/MNE-eegbci-data/files/eegmmidb/1.0.0'.
S016: 45 trials, 315 prediction rows
Downloading file 'S017/S017R04.edf' from 'https://physionet.org/files/eegmmidb/1.0.0/S017/S017R04.edf' to '/root/autodl-tmp/physionet/MNE-eegbci-data/files/eegmmidb/1.0.0'.
Downloading file 'S017/S017R08.edf' from 'https://physionet.org/files/eegmmidb/1.0.0/S017/S017R08.edf' to '/root/autodl-tmp/physionet/MNE-eegbci-data/files/eegmmidb/1.0.0'.
Downloading file 'S017/S017R12.edf' from 'https://physionet.org/files/eegmmidb/1.0.0/S017/S017R12.edf' to '/root/autodl-tmp/physionet/MNE-eegbci-data/files/eegmmidb/1.0.0'.
S017: 45 trials, 315 prediction rows
Downloading file 'S018/S018R04.edf' from 'https://physionet.org/files/eegmmidb/1.0.0/S018/S018R04.edf' to '/root/autodl-tmp/physionet/MNE-eegbci-data/files/eegmmidb/1.0.0'.
Downloading file 'S018/S018R08.edf' from 'https://physionet.org/files/eegmmidb/1.0.0/S018/S018R08.edf' to '/root/autodl-tmp/physionet/MNE-eegbci-data/files/eegmmidb/1.0.0'.
Downloading file 'S018/S018R12.edf' from 'https://physionet.org/files/eegmmidb/1.0.0/S018/S018R12.edf' to '/root/autodl-tmp/physionet/MNE-eegbci-data/files/eegmmidb/1.0.0'.
S018: 45 trials, 315 prediction rows
Downloading file 'S019/S019R04.edf' from 'https://physionet.org/files/eegmmidb/1.0.0/S019/S019R04.edf' to '/root/autodl-tmp/physionet/MNE-eegbci-data/files/eegmmidb/1.0.0'.
Downloading file 'S019/S019R08.edf' from 'https://physionet.org/files/eegmmidb/1.0.0/S019/S019R08.edf' to '/root/autodl-tmp/physionet/MNE-eegbci-data/files/eegmmidb/1.0.0'.
Downloading file 'S019/S019R12.edf' from 'https://physionet.org/files/eegmmidb/1.0.0/S019/S019R12.edf' to '/root/autodl-tmp/physionet/MNE-eegbci-data/files/eegmmidb/1.0.0'.
S019: 45 trials, 315 prediction rows
Downloading file 'S020/S020R04.edf' from 'https://physionet.org/files/eegmmidb/1.0.0/S020/S020R04.edf' to '/root/autodl-tmp/physionet/MNE-eegbci-data/files/eegmmidb/1.0.0'.
Downloading file 'S020/S020R08.edf' from 'https://physionet.org/files/eegmmidb/1.0.0/S020/S020R08.edf' to '/root/autodl-tmp/physionet/MNE-eegbci-data/files/eegmmidb/1.0.0'.
Downloading file 'S020/S020R12.edf' from 'https://physionet.org/files/eegmmidb/1.0.0/S020/S020R12.edf' to '/root/autodl-tmp/physionet/MNE-eegbci-data/files/eegmmidb/1.0.0'.
S020: 45 trials, 315 prediction rows
Downloading file 'S021/S021R04.edf' from 'https://physionet.org/files/eegmmidb/1.0.0/S021/S021R04.edf' to '/root/autodl-tmp/physionet/MNE-eegbci-data/files/eegmmidb/1.0.0'.
Downloading file 'S021/S021R08.edf' from 'https://physionet.org/files/eegmmidb/1.0.0/S021/S021R08.edf' to '/root/autodl-tmp/physionet/MNE-eegbci-data/files/eegmmidb/1.0.0'.
Downloading file 'S021/S021R12.edf' from 'https://physionet.org/files/eegmmidb/1.0.0/S021/S021R12.edf' to '/root/autodl-tmp/physionet/MNE-eegbci-data/files/eegmmidb/1.0.0'.
S021: 45 trials, 315 prediction rows
Downloading file 'S022/S022R04.edf' from 'https://physionet.org/files/eegmmidb/1.0.0/S022/S022R04.edf' to '/root/autodl-tmp/physionet/MNE-eegbci-data/files/eegmmidb/1.0.0'.
Downloading file 'S022/S022R08.edf' from 'https://physionet.org/files/eegmmidb/1.0.0/S022/S022R08.edf' to '/root/autodl-tmp/physionet/MNE-eegbci-data/files/eegmmidb/1.0.0'.
Downloading file 'S022/S022R12.edf' from 'https://physionet.org/files/eegmmidb/1.0.0/S022/S022R12.edf' to '/root/autodl-tmp/physionet/MNE-eegbci-data/files/eegmmidb/1.0.0'.
S022: 45 trials, 315 prediction rows
Downloading file 'S023/S023R04.edf' from 'https://physionet.org/files/eegmmidb/1.0.0/S023/S023R04.edf' to '/root/autodl-tmp/physionet/MNE-eegbci-data/files/eegmmidb/1.0.0'.
Downloading file 'S023/S023R08.edf' from 'https://physionet.org/files/eegmmidb/1.0.0/S023/S023R08.edf' to '/root/autodl-tmp/physionet/MNE-eegbci-data/files/eegmmidb/1.0.0'.
Downloading file 'S023/S023R12.edf' from 'https://physionet.org/files/eegmmidb/1.0.0/S023/S023R12.edf' to '/root/autodl-tmp/physionet/MNE-eegbci-data/files/eegmmidb/1.0.0'.
S023: 45 trials, 315 prediction rows
Downloading file 'S024/S024R04.edf' from 'https://physionet.org/files/eegmmidb/1.0.0/S024/S024R04.edf' to '/root/autodl-tmp/physionet/MNE-eegbci-data/files/eegmmidb/1.0.0'.
Downloading file 'S024/S024R08.edf' from 'https://physionet.org/files/eegmmidb/1.0.0/S024/S024R08.edf' to '/root/autodl-tmp/physionet/MNE-eegbci-data/files/eegmmidb/1.0.0'.
Downloading file 'S024/S024R12.edf' from 'https://physionet.org/files/eegmmidb/1.0.0/S024/S024R12.edf' to '/root/autodl-tmp/physionet/MNE-eegbci-data/files/eegmmidb/1.0.0'.
S024: 45 trials, 315 prediction rows
Downloading file 'S025/S025R04.edf' from 'https://physionet.org/files/eegmmidb/1.0.0/S025/S025R04.edf' to '/root/autodl-tmp/physionet/MNE-eegbci-data/files/eegmmidb/1.0.0'.
Downloading file 'S025/S025R08.edf' from 'https://physionet.org/files/eegmmidb/1.0.0/S025/S025R08.edf' to '/root/autodl-tmp/physionet/MNE-eegbci-data/files/eegmmidb/1.0.0'.
Downloading file 'S025/S025R12.edf' from 'https://physionet.org/files/eegmmidb/1.0.0/S025/S025R12.edf' to '/root/autodl-tmp/physionet/MNE-eegbci-data/files/eegmmidb/1.0.0'.
S025: 45 trials, 315 prediction rows
Downloading file 'S026/S026R04.edf' from 'https://physionet.org/files/eegmmidb/1.0.0/S026/S026R04.edf' to '/root/autodl-tmp/physionet/MNE-eegbci-data/files/eegmmidb/1.0.0'.
Downloading file 'S026/S026R08.edf' from 'https://physionet.org/files/eegmmidb/1.0.0/S026/S026R08.edf' to '/root/autodl-tmp/physionet/MNE-eegbci-data/files/eegmmidb/1.0.0'.
Downloading file 'S026/S026R12.edf' from 'https://physionet.org/files/eegmmidb/1.0.0/S026/S026R12.edf' to '/root/autodl-tmp/physionet/MNE-eegbci-data/files/eegmmidb/1.0.0'.
S026: 45 trials, 315 prediction rows
Downloading file 'S027/S027R04.edf' from 'https://physionet.org/files/eegmmidb/1.0.0/S027/S027R04.edf' to '/root/autodl-tmp/physionet/MNE-eegbci-data/files/eegmmidb/1.0.0'.
Downloading file 'S027/S027R08.edf' from 'https://physionet.org/files/eegmmidb/1.0.0/S027/S027R08.edf' to '/root/autodl-tmp/physionet/MNE-eegbci-data/files/eegmmidb/1.0.0'.
Downloading file 'S027/S027R12.edf' from 'https://physionet.org/files/eegmmidb/1.0.0/S027/S027R12.edf' to '/root/autodl-tmp/physionet/MNE-eegbci-data/files/eegmmidb/1.0.0'.
S027: 45 trials, 315 prediction rows
Downloading file 'S028/S028R04.edf' from 'https://physionet.org/files/eegmmidb/1.0.0/S028/S028R04.edf' to '/root/autodl-tmp/physionet/MNE-eegbci-data/files/eegmmidb/1.0.0'.
Downloading file 'S028/S028R08.edf' from 'https://physionet.org/files/eegmmidb/1.0.0/S028/S028R08.edf' to '/root/autodl-tmp/physionet/MNE-eegbci-data/files/eegmmidb/1.0.0'.
Downloading file 'S028/S028R12.edf' from 'https://physionet.org/files/eegmmidb/1.0.0/S028/S028R12.edf' to '/root/autodl-tmp/physionet/MNE-eegbci-data/files/eegmmidb/1.0.0'.
S028: 45 trials, 315 prediction rows
Downloading file 'S029/S029R04.edf' from 'https://physionet.org/files/eegmmidb/1.0.0/S029/S029R04.edf' to '/root/autodl-tmp/physionet/MNE-eegbci-data/files/eegmmidb/1.0.0'.
Downloading file 'S029/S029R08.edf' from 'https://physionet.org/files/eegmmidb/1.0.0/S029/S029R08.edf' to '/root/autodl-tmp/physionet/MNE-eegbci-data/files/eegmmidb/1.0.0'.
Downloading file 'S029/S029R12.edf' from 'https://physionet.org/files/eegmmidb/1.0.0/S029/S029R12.edf' to '/root/autodl-tmp/physionet/MNE-eegbci-data/files/eegmmidb/1.0.0'.
S029: 45 trials, 315 prediction rows
Downloading file 'S030/S030R04.edf' from 'https://physionet.org/files/eegmmidb/1.0.0/S030/S030R04.edf' to '/root/autodl-tmp/physionet/MNE-eegbci-data/files/eegmmidb/1.0.0'.
Downloading file 'S030/S030R08.edf' from 'https://physionet.org/files/eegmmidb/1.0.0/S030/S030R08.edf' to '/root/autodl-tmp/physionet/MNE-eegbci-data/files/eegmmidb/1.0.0'.
Downloading file 'S030/S030R12.edf' from 'https://physionet.org/files/eegmmidb/1.0.0/S030/S030R12.edf' to '/root/autodl-tmp/physionet/MNE-eegbci-data/files/eegmmidb/1.0.0'.
S030: 45 trials, 315 prediction rows
Downloading file 'S031/S031R04.edf' from 'https://physionet.org/files/eegmmidb/1.0.0/S031/S031R04.edf' to '/root/autodl-tmp/physionet/MNE-eegbci-data/files/eegmmidb/1.0.0'.
Downloading file 'S031/S031R08.edf' from 'https://physionet.org/files/eegmmidb/1.0.0/S031/S031R08.edf' to '/root/autodl-tmp/physionet/MNE-eegbci-data/files/eegmmidb/1.0.0'.
Downloading file 'S031/S031R12.edf' from 'https://physionet.org/files/eegmmidb/1.0.0/S031/S031R12.edf' to '/root/autodl-tmp/physionet/MNE-eegbci-data/files/eegmmidb/1.0.0'.
Failed to download 'S031R12.edf'. Will attempt the download again 2 more times.
Failed to download 'S031R12.edf'. Will attempt the download again 1 more time.
S031: 45 trials, 315 prediction rows
Downloading file 'S032/S032R04.edf' from 'https://physionet.org/files/eegmmidb/1.0.0/S032/S032R04.edf' to '/root/autodl-tmp/physionet/MNE-eegbci-data/files/eegmmidb/1.0.0'.
Downloading file 'S032/S032R08.edf' from 'https://physionet.org/files/eegmmidb/1.0.0/S032/S032R08.edf' to '/root/autodl-tmp/physionet/MNE-eegbci-data/files/eegmmidb/1.0.0'.
Downloading file 'S032/S032R12.edf' from 'https://physionet.org/files/eegmmidb/1.0.0/S032/S032R12.edf' to '/root/autodl-tmp/physionet/MNE-eegbci-data/files/eegmmidb/1.0.0'.
S032: 45 trials, 315 prediction rows
Downloading file 'S033/S033R04.edf' from 'https://physionet.org/files/eegmmidb/1.0.0/S033/S033R04.edf' to '/root/autodl-tmp/physionet/MNE-eegbci-data/files/eegmmidb/1.0.0'.
Downloading file 'S033/S033R08.edf' from 'https://physionet.org/files/eegmmidb/1.0.0/S033/S033R08.edf' to '/root/autodl-tmp/physionet/MNE-eegbci-data/files/eegmmidb/1.0.0'.
Downloading file 'S033/S033R12.edf' from 'https://physionet.org/files/eegmmidb/1.0.0/S033/S033R12.edf' to '/root/autodl-tmp/physionet/MNE-eegbci-data/files/eegmmidb/1.0.0'.
S033: 45 trials, 315 prediction rows
Downloading file 'S034/S034R04.edf' from 'https://physionet.org/files/eegmmidb/1.0.0/S034/S034R04.edf' to '/root/autodl-tmp/physionet/MNE-eegbci-data/files/eegmmidb/1.0.0'.
Downloading file 'S034/S034R08.edf' from 'https://physionet.org/files/eegmmidb/1.0.0/S034/S034R08.edf' to '/root/autodl-tmp/physionet/MNE-eegbci-data/files/eegmmidb/1.0.0'.
Downloading file 'S034/S034R12.edf' from 'https://physionet.org/files/eegmmidb/1.0.0/S034/S034R12.edf' to '/root/autodl-tmp/physionet/MNE-eegbci-data/files/eegmmidb/1.0.0'.
S034: 45 trials, 315 prediction rows
Downloading file 'S035/S035R04.edf' from 'https://physionet.org/files/eegmmidb/1.0.0/S035/S035R04.edf' to '/root/autodl-tmp/physionet/MNE-eegbci-data/files/eegmmidb/1.0.0'.
Downloading file 'S035/S035R08.edf' from 'https://physionet.org/files/eegmmidb/1.0.0/S035/S035R08.edf' to '/root/autodl-tmp/physionet/MNE-eegbci-data/files/eegmmidb/1.0.0'.
Downloading file 'S035/S035R12.edf' from 'https://physionet.org/files/eegmmidb/1.0.0/S035/S035R12.edf' to '/root/autodl-tmp/physionet/MNE-eegbci-data/files/eegmmidb/1.0.0'.
S035: 45 trials, 315 prediction rows
Downloading file 'S036/S036R04.edf' from 'https://physionet.org/files/eegmmidb/1.0.0/S036/S036R04.edf' to '/root/autodl-tmp/physionet/MNE-eegbci-data/files/eegmmidb/1.0.0'.
Downloading file 'S036/S036R08.edf' from 'https://physionet.org/files/eegmmidb/1.0.0/S036/S036R08.edf' to '/root/autodl-tmp/physionet/MNE-eegbci-data/files/eegmmidb/1.0.0'.
Downloading file 'S036/S036R12.edf' from 'https://physionet.org/files/eegmmidb/1.0.0/S036/S036R12.edf' to '/root/autodl-tmp/physionet/MNE-eegbci-data/files/eegmmidb/1.0.0'.
S036: 45 trials, 315 prediction rows
Downloading file 'S037/S037R04.edf' from 'https://physionet.org/files/eegmmidb/1.0.0/S037/S037R04.edf' to '/root/autodl-tmp/physionet/MNE-eegbci-data/files/eegmmidb/1.0.0'.
Downloading file 'S037/S037R08.edf' from 'https://physionet.org/files/eegmmidb/1.0.0/S037/S037R08.edf' to '/root/autodl-tmp/physionet/MNE-eegbci-data/files/eegmmidb/1.0.0'.
Downloading file 'S037/S037R12.edf' from 'https://physionet.org/files/eegmmidb/1.0.0/S037/S037R12.edf' to '/root/autodl-tmp/physionet/MNE-eegbci-data/files/eegmmidb/1.0.0'.
S037: 45 trials, 315 prediction rows
Downloading file 'S038/S038R04.edf' from 'https://physionet.org/files/eegmmidb/1.0.0/S038/S038R04.edf' to '/root/autodl-tmp/physionet/MNE-eegbci-data/files/eegmmidb/1.0.0'.
Downloading file 'S038/S038R08.edf' from 'https://physionet.org/files/eegmmidb/1.0.0/S038/S038R08.edf' to '/root/autodl-tmp/physionet/MNE-eegbci-data/files/eegmmidb/1.0.0'.
Downloading file 'S038/S038R12.edf' from 'https://physionet.org/files/eegmmidb/1.0.0/S038/S038R12.edf' to '/root/autodl-tmp/physionet/MNE-eegbci-data/files/eegmmidb/1.0.0'.
S038: 45 trials, 315 prediction rows
Downloading file 'S039/S039R04.edf' from 'https://physionet.org/files/eegmmidb/1.0.0/S039/S039R04.edf' to '/root/autodl-tmp/physionet/MNE-eegbci-data/files/eegmmidb/1.0.0'.
Downloading file 'S039/S039R08.edf' from 'https://physionet.org/files/eegmmidb/1.0.0/S039/S039R08.edf' to '/root/autodl-tmp/physionet/MNE-eegbci-data/files/eegmmidb/1.0.0'.
Downloading file 'S039/S039R12.edf' from 'https://physionet.org/files/eegmmidb/1.0.0/S039/S039R12.edf' to '/root/autodl-tmp/physionet/MNE-eegbci-data/files/eegmmidb/1.0.0'.
S039: 45 trials, 315 prediction rows
Downloading file 'S040/S040R04.edf' from 'https://physionet.org/files/eegmmidb/1.0.0/S040/S040R04.edf' to '/root/autodl-tmp/physionet/MNE-eegbci-data/files/eegmmidb/1.0.0'.
Downloading file 'S040/S040R08.edf' from 'https://physionet.org/files/eegmmidb/1.0.0/S040/S040R08.edf' to '/root/autodl-tmp/physionet/MNE-eegbci-data/files/eegmmidb/1.0.0'.
Downloading file 'S040/S040R12.edf' from 'https://physionet.org/files/eegmmidb/1.0.0/S040/S040R12.edf' to '/root/autodl-tmp/physionet/MNE-eegbci-data/files/eegmmidb/1.0.0'.
S040: 45 trials, 315 prediction rows
Downloading file 'S041/S041R04.edf' from 'https://physionet.org/files/eegmmidb/1.0.0/S041/S041R04.edf' to '/root/autodl-tmp/physionet/MNE-eegbci-data/files/eegmmidb/1.0.0'.
Downloading file 'S041/S041R08.edf' from 'https://physionet.org/files/eegmmidb/1.0.0/S041/S041R08.edf' to '/root/autodl-tmp/physionet/MNE-eegbci-data/files/eegmmidb/1.0.0'.
Downloading file 'S041/S041R12.edf' from 'https://physionet.org/files/eegmmidb/1.0.0/S041/S041R12.edf' to '/root/autodl-tmp/physionet/MNE-eegbci-data/files/eegmmidb/1.0.0'.
S041: 45 trials, 315 prediction rows
Downloading file 'S042/S042R04.edf' from 'https://physionet.org/files/eegmmidb/1.0.0/S042/S042R04.edf' to '/root/autodl-tmp/physionet/MNE-eegbci-data/files/eegmmidb/1.0.0'.
Downloading file 'S042/S042R08.edf' from 'https://physionet.org/files/eegmmidb/1.0.0/S042/S042R08.edf' to '/root/autodl-tmp/physionet/MNE-eegbci-data/files/eegmmidb/1.0.0'.
Downloading file 'S042/S042R12.edf' from 'https://physionet.org/files/eegmmidb/1.0.0/S042/S042R12.edf' to '/root/autodl-tmp/physionet/MNE-eegbci-data/files/eegmmidb/1.0.0'.
S042: 45 trials, 315 prediction rows
Downloading file 'S043/S043R04.edf' from 'https://physionet.org/files/eegmmidb/1.0.0/S043/S043R04.edf' to '/root/autodl-tmp/physionet/MNE-eegbci-data/files/eegmmidb/1.0.0'.
Downloading file 'S043/S043R08.edf' from 'https://physionet.org/files/eegmmidb/1.0.0/S043/S043R08.edf' to '/root/autodl-tmp/physionet/MNE-eegbci-data/files/eegmmidb/1.0.0'.
Downloading file 'S043/S043R12.edf' from 'https://physionet.org/files/eegmmidb/1.0.0/S043/S043R12.edf' to '/root/autodl-tmp/physionet/MNE-eegbci-data/files/eegmmidb/1.0.0'.
S043: 45 trials, 315 prediction rows
Downloading file 'S044/S044R04.edf' from 'https://physionet.org/files/eegmmidb/1.0.0/S044/S044R04.edf' to '/root/autodl-tmp/physionet/MNE-eegbci-data/files/eegmmidb/1.0.0'.
Downloading file 'S044/S044R08.edf' from 'https://physionet.org/files/eegmmidb/1.0.0/S044/S044R08.edf' to '/root/autodl-tmp/physionet/MNE-eegbci-data/files/eegmmidb/1.0.0'.
Downloading file 'S044/S044R12.edf' from 'https://physionet.org/files/eegmmidb/1.0.0/S044/S044R12.edf' to '/root/autodl-tmp/physionet/MNE-eegbci-data/files/eegmmidb/1.0.0'.
S044: 45 trials, 315 prediction rows
Downloading file 'S045/S045R04.edf' from 'https://physionet.org/files/eegmmidb/1.0.0/S045/S045R04.edf' to '/root/autodl-tmp/physionet/MNE-eegbci-data/files/eegmmidb/1.0.0'.
Downloading file 'S045/S045R08.edf' from 'https://physionet.org/files/eegmmidb/1.0.0/S045/S045R08.edf' to '/root/autodl-tmp/physionet/MNE-eegbci-data/files/eegmmidb/1.0.0'.
Downloading file 'S045/S045R12.edf' from 'https://physionet.org/files/eegmmidb/1.0.0/S045/S045R12.edf' to '/root/autodl-tmp/physionet/MNE-eegbci-data/files/eegmmidb/1.0.0'.
S045: 45 trials, 315 prediction rows
Downloading file 'S046/S046R04.edf' from 'https://physionet.org/files/eegmmidb/1.0.0/S046/S046R04.edf' to '/root/autodl-tmp/physionet/MNE-eegbci-data/files/eegmmidb/1.0.0'.
Downloading file 'S046/S046R08.edf' from 'https://physionet.org/files/eegmmidb/1.0.0/S046/S046R08.edf' to '/root/autodl-tmp/physionet/MNE-eegbci-data/files/eegmmidb/1.0.0'.
Downloading file 'S046/S046R12.edf' from 'https://physionet.org/files/eegmmidb/1.0.0/S046/S046R12.edf' to '/root/autodl-tmp/physionet/MNE-eegbci-data/files/eegmmidb/1.0.0'.
S046: 45 trials, 315 prediction rows
Downloading file 'S047/S047R04.edf' from 'https://physionet.org/files/eegmmidb/1.0.0/S047/S047R04.edf' to '/root/autodl-tmp/physionet/MNE-eegbci-data/files/eegmmidb/1.0.0'.
Downloading file 'S047/S047R08.edf' from 'https://physionet.org/files/eegmmidb/1.0.0/S047/S047R08.edf' to '/root/autodl-tmp/physionet/MNE-eegbci-data/files/eegmmidb/1.0.0'.
Downloading file 'S047/S047R12.edf' from 'https://physionet.org/files/eegmmidb/1.0.0/S047/S047R12.edf' to '/root/autodl-tmp/physionet/MNE-eegbci-data/files/eegmmidb/1.0.0'.
S047: 45 trials, 315 prediction rows
Downloading file 'S048/S048R04.edf' from 'https://physionet.org/files/eegmmidb/1.0.0/S048/S048R04.edf' to '/root/autodl-tmp/physionet/MNE-eegbci-data/files/eegmmidb/1.0.0'.
Downloading file 'S048/S048R08.edf' from 'https://physionet.org/files/eegmmidb/1.0.0/S048/S048R08.edf' to '/root/autodl-tmp/physionet/MNE-eegbci-data/files/eegmmidb/1.0.0'.
Downloading file 'S048/S048R12.edf' from 'https://physionet.org/files/eegmmidb/1.0.0/S048/S048R12.edf' to '/root/autodl-tmp/physionet/MNE-eegbci-data/files/eegmmidb/1.0.0'.
S048: 45 trials, 315 prediction rows
Downloading file 'S049/S049R04.edf' from 'https://physionet.org/files/eegmmidb/1.0.0/S049/S049R04.edf' to '/root/autodl-tmp/physionet/MNE-eegbci-data/files/eegmmidb/1.0.0'.
Downloading file 'S049/S049R08.edf' from 'https://physionet.org/files/eegmmidb/1.0.0/S049/S049R08.edf' to '/root/autodl-tmp/physionet/MNE-eegbci-data/files/eegmmidb/1.0.0'.
Downloading file 'S049/S049R12.edf' from 'https://physionet.org/files/eegmmidb/1.0.0/S049/S049R12.edf' to '/root/autodl-tmp/physionet/MNE-eegbci-data/files/eegmmidb/1.0.0'.
S049: 45 trials, 315 prediction rows
Downloading file 'S050/S050R04.edf' from 'https://physionet.org/files/eegmmidb/1.0.0/S050/S050R04.edf' to '/root/autodl-tmp/physionet/MNE-eegbci-data/files/eegmmidb/1.0.0'.
Downloading file 'S050/S050R08.edf' from 'https://physionet.org/files/eegmmidb/1.0.0/S050/S050R08.edf' to '/root/autodl-tmp/physionet/MNE-eegbci-data/files/eegmmidb/1.0.0'.
Downloading file 'S050/S050R12.edf' from 'https://physionet.org/files/eegmmidb/1.0.0/S050/S050R12.edf' to '/root/autodl-tmp/physionet/MNE-eegbci-data/files/eegmmidb/1.0.0'.
S050: 45 trials, 315 prediction rows
Downloading file 'S051/S051R04.edf' from 'https://physionet.org/files/eegmmidb/1.0.0/S051/S051R04.edf' to '/root/autodl-tmp/physionet/MNE-eegbci-data/files/eegmmidb/1.0.0'.
Downloading file 'S051/S051R08.edf' from 'https://physionet.org/files/eegmmidb/1.0.0/S051/S051R08.edf' to '/root/autodl-tmp/physionet/MNE-eegbci-data/files/eegmmidb/1.0.0'.
Downloading file 'S051/S051R12.edf' from 'https://physionet.org/files/eegmmidb/1.0.0/S051/S051R12.edf' to '/root/autodl-tmp/physionet/MNE-eegbci-data/files/eegmmidb/1.0.0'.
S051: 45 trials, 315 prediction rows
Downloading file 'S052/S052R04.edf' from 'https://physionet.org/files/eegmmidb/1.0.0/S052/S052R04.edf' to '/root/autodl-tmp/physionet/MNE-eegbci-data/files/eegmmidb/1.0.0'.
Downloading file 'S052/S052R08.edf' from 'https://physionet.org/files/eegmmidb/1.0.0/S052/S052R08.edf' to '/root/autodl-tmp/physionet/MNE-eegbci-data/files/eegmmidb/1.0.0'.
Downloading file 'S052/S052R12.edf' from 'https://physionet.org/files/eegmmidb/1.0.0/S052/S052R12.edf' to '/root/autodl-tmp/physionet/MNE-eegbci-data/files/eegmmidb/1.0.0'.
S052: 45 trials, 315 prediction rows
Downloading file 'S053/S053R04.edf' from 'https://physionet.org/files/eegmmidb/1.0.0/S053/S053R04.edf' to '/root/autodl-tmp/physionet/MNE-eegbci-data/files/eegmmidb/1.0.0'.
Downloading file 'S053/S053R08.edf' from 'https://physionet.org/files/eegmmidb/1.0.0/S053/S053R08.edf' to '/root/autodl-tmp/physionet/MNE-eegbci-data/files/eegmmidb/1.0.0'.
Downloading file 'S053/S053R12.edf' from 'https://physionet.org/files/eegmmidb/1.0.0/S053/S053R12.edf' to '/root/autodl-tmp/physionet/MNE-eegbci-data/files/eegmmidb/1.0.0'.
S053: 45 trials, 315 prediction rows
Downloading file 'S054/S054R04.edf' from 'https://physionet.org/files/eegmmidb/1.0.0/S054/S054R04.edf' to '/root/autodl-tmp/physionet/MNE-eegbci-data/files/eegmmidb/1.0.0'.
Downloading file 'S054/S054R08.edf' from 'https://physionet.org/files/eegmmidb/1.0.0/S054/S054R08.edf' to '/root/autodl-tmp/physionet/MNE-eegbci-data/files/eegmmidb/1.0.0'.
Downloading file 'S054/S054R12.edf' from 'https://physionet.org/files/eegmmidb/1.0.0/S054/S054R12.edf' to '/root/autodl-tmp/physionet/MNE-eegbci-data/files/eegmmidb/1.0.0'.
S054: 45 trials, 315 prediction rows
Downloading file 'S055/S055R04.edf' from 'https://physionet.org/files/eegmmidb/1.0.0/S055/S055R04.edf' to '/root/autodl-tmp/physionet/MNE-eegbci-data/files/eegmmidb/1.0.0'.
Downloading file 'S055/S055R08.edf' from 'https://physionet.org/files/eegmmidb/1.0.0/S055/S055R08.edf' to '/root/autodl-tmp/physionet/MNE-eegbci-data/files/eegmmidb/1.0.0'.
Downloading file 'S055/S055R12.edf' from 'https://physionet.org/files/eegmmidb/1.0.0/S055/S055R12.edf' to '/root/autodl-tmp/physionet/MNE-eegbci-data/files/eegmmidb/1.0.0'.
S055: 45 trials, 315 prediction rows
Downloading file 'S056/S056R04.edf' from 'https://physionet.org/files/eegmmidb/1.0.0/S056/S056R04.edf' to '/root/autodl-tmp/physionet/MNE-eegbci-data/files/eegmmidb/1.0.0'.
Downloading file 'S056/S056R08.edf' from 'https://physionet.org/files/eegmmidb/1.0.0/S056/S056R08.edf' to '/root/autodl-tmp/physionet/MNE-eegbci-data/files/eegmmidb/1.0.0'.
