
===== 2026-09-25T03:07:41.989118+00:00 start: e002_freeze =====
{
  "passed": true,
  "stage": "e002",
  "experiment_id": "Q14-E002",
  "counts": {
    "deep_inner": 8,
    "deep_final": 6,
    "shallow": 1,
    "predictions": 0
  },
  "source_subjects": [
    1,
    2,
    3,
    4,
    5,
    6,
    7,
    8,
    9
  ],
  "source_data_sha256": "eab11a3f27f049ee9ae1539974ed56b1399e54a71a83828f45bf8371c46e2f03",
  "config_sha256": "21428bd8344f1fb8750e7f794f60a17588d63baa8c756db324c0df1c2c474ff2",
  "source_runner_sha256": "b70cf5e41474688b22c6a57a068c07edaa22a8bbf640bd2100b8bb616ea05375",
  "validator_sha256": "0820bec8264456d23021a79a59dd218e88e23c116b5e5363c8969aa2428aa83c",
  "interpretation": "BNCI matched-binary development only; external performance not inspected"
}

===== 2026-09-25T03:07:47.221528+00:00 exit=0: e002_freeze =====
