[2026-09-23T07:37:30+00:00] Starting cloud setup and Q5 continuation.
Looking in indexes: https://pypi.tuna.tsinghua.edu.cn/simple
Requirement already satisfied: pip in ./.venv-cloud/lib/python3.12/site-packages (25.0.1)
Collecting pip
  Downloading https://pypi.tuna.tsinghua.edu.cn/packages/f3/6e/1736e5b4ae2b778ef2f81c47d797de9f891d4d8acb047a24ca37a60294dd/pip-26.2.1-py3-none-any.whl (1.8 MB)
     ━━━━━━━━━━━━━━━━━━━━━━━━━━━━━━━━━━━━━━━━ 1.8/1.8 MB 2.9 MB/s eta 0:00:00
Installing collected packages: pip
  Attempting uninstall: pip
    Found existing installation: pip 25.0.1
    Uninstalling pip-25.0.1:
      Successfully uninstalled pip-25.0.1
Successfully installed pip-26.2.1
Looking in indexes: https://download.pytorch.org/whl/cu132
Collecting torch==2.14.0
  Downloading torch-2.14.0%2Bcu132-cp312-cp312-manylinux_2_28_x86_64.whl.metadata (37 kB)
Collecting filelock (from torch==2.14.0)
  Downloading filelock-3.32.3-py3-none-any.whl.metadata (2.0 kB)
Collecting typing-extensions>=4.10.0 (from torch==2.14.0)
  Downloading typing_extensions-4.16.0-py3-none-any.whl.metadata (3.3 kB)
Collecting setuptools>=77.0.3 (from torch==2.14.0)
  Downloading setuptools-78.1.0-py3-none-any.whl.metadata (6.6 kB)
Collecting sympy>=1.13.3 (from torch==2.14.0)
  Downloading sympy-1.14.0-py3-none-any.whl.metadata (12 kB)
Collecting networkx>=2.5.1 (from torch==2.14.0)
  Downloading networkx-3.6.1-py3-none-any.whl.metadata (6.8 kB)
Collecting jinja2 (from torch==2.14.0)
  Downloading jinja2-3.1.6-py3-none-any.whl.metadata (2.9 kB)
Collecting fsspec>=0.8.5 (from torch==2.14.0)
  Downloading fsspec-2026.7.0-py3-none-any.whl.metadata (10 kB)
Collecting cuda-toolkit==13.2.1 (from cuda-toolkit[cublas,cudart,cufft,cufile,cupti,curand,cusolver,cusparse,nvjitlink,nvrtc,nvtx]==13.2.1; platform_system == "Linux"->torch==2.14.0)
  Downloading cuda_toolkit-13.2.1-py2.py3-none-any.whl (2.6 kB)
Collecting cuda-bindings<14,>=13.0.3 (from torch==2.14.0)
  Downloading cuda_bindings-13.3.1-cp312-cp312-manylinux_2_24_x86_64.manylinux_2_28_x86_64.whl.metadata (2.5 kB)
Collecting nvidia-cudnn-cu13==9.24.0.43 (from torch==2.14.0)
  Downloading nvidia_cudnn_cu13-9.24.0.43-py3-none-manylinux_2_27_x86_64.whl (553.1 MB)
     ━━━━━━━━━━━━━━╸                       217.6/553.1 MB 499.3 kB/s eta 0:11:12
  WARNING: Connection interrupted while downloading.
  WARNING: Attempting to resume incomplete download (217.6 MB/553.1 MB, attempt 1)
  Resuming download nvidia_cudnn_cu13-9.24.0.43-py3-none-manylinux_2_27_x86_64.whl (217.6 MB/553.1 MB)
     ━━━━━━━━━━━━━━━━━━━━━━━━━━━━━━━━━━━━━━━━ 553.1/553.1 MB 2.2 MB/s  0:02:41
Collecting nvidia-cusparselt-cu13==0.8.1 (from torch==2.14.0)
  Downloading nvidia_cusparselt_cu13-0.8.1-py3-none-manylinux2014_x86_64.whl (170.1 MB)
     ━━━━━━━━━━━━━━━━━━━━━━━━━━━━━━━━━━━━━━━━ 170.1/170.1 MB 1.4 MB/s  0:02:02
Collecting nvidia-nccl-cu13==2.30.7 (from torch==2.14.0)
  Downloading nvidia_nccl_cu13-2.30.7-py3-none-manylinux_2_18_x86_64.whl (216.0 MB)
     ━━━━━━━━━━━━━━━━━━━━━━━━━━━━━━━━━━━━━━━━ 216.0/216.0 MB 264.5 kB/s  0:05:50
Collecting nvidia-nvshmem-cu13==3.4.5 (from torch==2.14.0)
  Downloading nvidia_nvshmem_cu13-3.4.5-py3-none-manylinux2014_x86_64.manylinux_2_17_x86_64.whl (60.4 MB)
     ━━━━━━━━━━━━━━━━━━━━━━━━━━━━━━━━━━━━━━━━ 60.4/60.4 MB 946.2 kB/s  0:01:25
Collecting triton~=3.8.0 (from torch==2.14.0)
  Downloading triton-3.8.0-cp312-cp312-manylinux_2_27_x86_64.manylinux_2_28_x86_64.whl.metadata (978 bytes)
Collecting nvidia-cublas==13.4.0.1.* (from cuda-toolkit[cublas,cudart,cufft,cufile,cupti,curand,cusolver,cusparse,nvjitlink,nvrtc,nvtx]==13.2.1; platform_system == "Linux"->torch==2.14.0)
  Downloading nvidia_cublas-13.4.0.1-py3-none-manylinux_2_27_x86_64.whl (404.9 MB)
     ━━━━━━━━━╸                               96.7/404.9 MB ? eta -:--:--
  WARNING: Connection interrupted while downloading.
  WARNING: Attempting to resume incomplete download (96.7 MB/404.9 MB, attempt 1)
  Resuming download nvidia_cublas-13.4.0.1-py3-none-manylinux_2_27_x86_64.whl (96.7 MB/404.9 MB)
     ━━━━━━━━━━━━━━━━━━━━━━━━━━━━━━━━      354.4/404.9 MB 781.9 kB/s eta 0:01:05
  WARNING: Connection interrupted while downloading.
  WARNING: Attempting to resume incomplete download (354.4 MB/404.9 MB, attempt 2)
  Resuming download nvidia_cublas-13.4.0.1-py3-none-manylinux_2_27_x86_64.whl (354.4 MB/404.9 MB)
     ━━━━━━━━━━━━━━━━━━━━━━━━━━━━━━━━━━━━━━━━ 404.9/404.9 MB 200.0 kB/s  0:02:26
Collecting nvidia-cuda-nvrtc==13.2.78.* (from cuda-toolkit[cublas,cudart,cufft,cufile,cupti,curand,cusolver,cusparse,nvjitlink,nvrtc,nvtx]==13.2.1; platform_system == "Linux"->torch==2.14.0)
  Downloading nvidia_cuda_nvrtc-13.2.78-py3-none-manylinux2010_x86_64.manylinux_2_12_x86_64.whl (47.0 MB)
     ━━━━━╸                                   6.8/47.0 MB 417.8 kB/s eta 0:01:37
  WARNING: Connection interrupted while downloading.
  WARNING: Attempting to resume incomplete download (6.8 MB/47.0 MB, attempt 1)
  Resuming download nvidia_cuda_nvrtc-13.2.78-py3-none-manylinux2010_x86_64.manylinux_2_12_x86_64.whl (6.8 MB/47.0 MB)
     ━━━━━━━━━━━━━━━━━━━━━━━━━━━━━━━━━━━━━━━━ 47.0/47.0 MB 538.6 kB/s  0:03:19
Collecting nvidia-cuda-runtime==13.2.75.* (from cuda-toolkit[cublas,cudart,cufft,cufile,cupti,curand,cusolver,cusparse,nvjitlink,nvrtc,nvtx]==13.2.1; platform_system == "Linux"->torch==2.14.0)
  Downloading nvidia_cuda_runtime-13.2.75-py3-none-manylinux2014_x86_64.manylinux_2_17_x86_64.whl (2.3 MB)
     ━━━━━━━━━━━━━━━━━━━━━━━━━━━━━━━━━━━━━━━━ 2.3/2.3 MB 746.3 kB/s  0:00:03
Collecting nvidia-cufft==12.2.0.46.* (from cuda-toolkit[cublas,cudart,cufft,cufile,cupti,curand,cusolver,cusparse,nvjitlink,nvrtc,nvtx]==13.2.1; platform_system == "Linux"->torch==2.14.0)
  Downloading nvidia_cufft-12.2.0.46-py3-none-manylinux2014_x86_64.manylinux_2_17_x86_64.whl (218.3 MB)
     ╸                                       4.7/218.3 MB 313.4 kB/s eta 0:11:22
  WARNING: Connection interrupted while downloading.
  WARNING: Attempting to resume incomplete download (4.7 MB/218.3 MB, attempt 1)
  Resuming download nvidia_cufft-12.2.0.46-py3-none-manylinux2014_x86_64.manylinux_2_17_x86_64.whl (4.7 MB/218.3 MB)
     ━━━━╸                                  26.5/218.3 MB 440.3 kB/s eta 0:07:16
  WARNING: Connection interrupted while downloading.
  WARNING: Attempting to resume incomplete download (26.5 MB/218.3 MB, attempt 2)
  Resuming download nvidia_cufft-12.2.0.46-py3-none-manylinux2014_x86_64.manylinux_2_17_x86_64.whl (26.5 MB/218.3 MB)
     ━━━━━━━━━━━━━━━━━━━━━━━━━━━━━━━━━━━━━━━━ 218.3/218.3 MB 1.2 MB/s  0:06:47
Collecting nvidia-nvjitlink<14,>=13.2.78 (from cuda-toolkit[cublas,cudart,cufft,cufile,cupti,curand,cusolver,cusparse,nvjitlink,nvrtc,nvtx]==13.2.1; platform_system == "Linux"->torch==2.14.0)
  Downloading nvidia_nvjitlink-13.3.33-py3-none-manylinux2010_x86_64.manylinux_2_12_x86_64.whl (40.7 MB)
     ━━━━━━━━━━━━━━━━━━━━━━━━━━━━━━━━━━━━━━━━ 40.7/40.7 MB 757.9 kB/s  0:00:43
Collecting nvidia-cufile==1.17.1.22.* (from cuda-toolkit[cublas,cudart,cufft,cufile,cupti,curand,cusolver,cusparse,nvjitlink,nvrtc,nvtx]==13.2.1; platform_system == "Linux"->torch==2.14.0)
  Downloading nvidia_cufile-1.17.1.22-py3-none-manylinux_2_27_x86_64.whl (1.4 MB)
     ━━━━━━━━━━━━━━━━━━━━━━━━━━━━━━━━━━━━━━━━ 1.4/1.4 MB 457.1 kB/s  0:00:03
Collecting nvidia-cuda-cupti==13.2.75.* (from cuda-toolkit[cublas,cudart,cufft,cufile,cupti,curand,cusolver,cusparse,nvjitlink,nvrtc,nvtx]==13.2.1; platform_system == "Linux"->torch==2.14.0)
  Downloading nvidia_cuda_cupti-13.2.75-py3-none-manylinux_2_25_x86_64.whl (12.0 MB)
     ━━━━━━━━━━━━━━━━━━━━━━━━━━━━━━━━━━━━━━━━ 12.0/12.0 MB 774.4 kB/s  0:00:15
Collecting nvidia-curand==10.4.2.55.* (from cuda-toolkit[cublas,cudart,cufft,cufile,cupti,curand,cusolver,cusparse,nvjitlink,nvrtc,nvtx]==13.2.1; platform_system == "Linux"->torch==2.14.0)
  Downloading nvidia_curand-10.4.2.55-py3-none-manylinux_2_27_x86_64.whl (59.9 MB)
     ━━━━━━━━━━━━━━━━━━━━━━━━━━━━━━━━━━━━━━━━ 59.9/59.9 MB 1.0 MB/s  0:01:00
Collecting nvidia-cusolver==12.2.0.1.* (from cuda-toolkit[cublas,cudart,cufft,cufile,cupti,curand,cusolver,cusparse,nvjitlink,nvrtc,nvtx]==13.2.1; platform_system == "Linux"->torch==2.14.0)
  Downloading nvidia_cusolver-12.2.0.1-py3-none-manylinux_2_27_x86_64.whl (227.4 MB)
     ━━━━━━━━━━━━━━━━━━━━━━━━━━━━━━━━━━━━━━━━ 227.4/227.4 MB 861.4 kB/s  0:03:37
Collecting nvidia-cusparse==12.7.10.1.* (from cuda-toolkit[cublas,cudart,cufft,cufile,cupti,curand,cusolver,cusparse,nvjitlink,nvrtc,nvtx]==13.2.1; platform_system == "Linux"->torch==2.14.0)
  Downloading nvidia_cusparse-12.7.10.1-py3-none-manylinux2014_x86_64.manylinux_2_17_x86_64.whl (150.9 MB)
     ━━━━━━━━━━━━━━━━━━━━━━━━━━━━━━━━━━━━━━━━ 150.9/150.9 MB 1.7 MB/s  0:02:19
Collecting nvidia-nvtx==13.2.75.* (from cuda-toolkit[cublas,cudart,cufft,cufile,cupti,curand,cusolver,cusparse,nvjitlink,nvrtc,nvtx]==13.2.1; platform_system == "Linux"->torch==2.14.0)
  Downloading nvidia_nvtx-13.2.75-py3-none-manylinux1_x86_64.manylinux_2_5_x86_64.whl (153 kB)
Collecting cuda-pathfinder>=1.4.2 (from cuda-bindings<14,>=13.0.3->torch==2.14.0)
  Using cached cuda_pathfinder-1.6.0-py3-none-any.whl.metadata (1.9 kB)
Collecting mpmath<1.4,>=1.1.0 (from sympy>=1.13.3->torch==2.14.0)
  Using cached mpmath-1.3.0-py3-none-any.whl.metadata (8.6 kB)
Collecting MarkupSafe>=2.0 (from jinja2->torch==2.14.0)
  Using cached markupsafe-3.0.3-cp312-cp312-manylinux2014_x86_64.manylinux_2_17_x86_64.manylinux_2_28_x86_64.whl.metadata (2.7 kB)
Using cached torch-2.14.0%2Bcu132-cp312-cp312-manylinux_2_28_x86_64.whl (558.7 MB)
Using cached cuda_bindings-13.3.1-cp312-cp312-manylinux_2_24_x86_64.manylinux_2_28_x86_64.whl (6.7 MB)
Using cached triton-3.8.0-cp312-cp312-manylinux_2_27_x86_64.manylinux_2_28_x86_64.whl (246.8 MB)
Using cached cuda_pathfinder-1.6.0-py3-none-any.whl (54 kB)
Using cached fsspec-2026.7.0-py3-none-any.whl (206 kB)
Using cached networkx-3.6.1-py3-none-any.whl (2.1 MB)
Using cached setuptools-78.1.0-py3-none-any.whl (1.3 MB)
Using cached sympy-1.14.0-py3-none-any.whl (6.3 MB)
Using cached mpmath-1.3.0-py3-none-any.whl (536 kB)
Using cached typing_extensions-4.16.0-py3-none-any.whl (45 kB)
Using cached filelock-3.32.3-py3-none-any.whl (98 kB)
Using cached jinja2-3.1.6-py3-none-any.whl (134 kB)
Using cached markupsafe-3.0.3-cp312-cp312-manylinux2014_x86_64.manylinux_2_17_x86_64.manylinux_2_28_x86_64.whl (22 kB)
Installing collected packages: nvidia-cusparselt-cu13, mpmath, cuda-toolkit, typing-extensions, triton, sympy, setuptools, nvidia-nvtx, nvidia-nvshmem-cu13, nvidia-nvjitlink, nvidia-nccl-cu13, nvidia-curand, nvidia-cufile, nvidia-cuda-runtime, nvidia-cuda-nvrtc, nvidia-cuda-cupti, networkx, MarkupSafe, fsspec, filelock, cuda-pathfinder, nvidia-cusparse, nvidia-cufft, nvidia-cublas, jinja2, cuda-bindings, nvidia-cusolver, nvidia-cudnn-cu13, torch

Successfully installed MarkupSafe-3.0.3 cuda-bindings-13.4.2 cuda-pathfinder-1.8.2 cuda-toolkit-13.2.1 filelock-3.32.3 fsspec-2026.7.0 jinja2-3.1.6 mpmath-1.3.0 networkx-3.6.1 nvidia-cublas-13.4.0.1 nvidia-cuda-cupti-13.2.75 nvidia-cuda-nvrtc-13.2.78 nvidia-cuda-runtime-13.2.75 nvidia-cudnn-cu13-9.24.0.43 nvidia-cufft-12.2.0.46 nvidia-cufile-1.17.1.22 nvidia-curand-10.4.2.55 nvidia-cusolver-12.2.0.1 nvidia-cusparse-12.7.10.1 nvidia-cusparselt-cu13-0.8.1 nvidia-nccl-cu13-2.30.7 nvidia-nvjitlink-13.4.92 nvidia-nvshmem-cu13-3.4.5 nvidia-nvtx-13.2.75 setuptools-78.1.0 sympy-1.14.0 torch-2.14.0+cu132 triton-3.8.0 typing-extensions-4.16.0
Looking in indexes: https://pypi.tuna.tsinghua.edu.cn/simple
Requirement already satisfied: numpy==2.5.3 in ./.venv-cloud/lib/python3.12/site-packages (from -r requirements-cloud.txt (line 2)) (2.5.3)
Requirement already satisfied: scipy==1.18.1 in ./.venv-cloud/lib/python3.12/site-packages (from -r requirements-cloud.txt (line 3)) (1.18.1)
Collecting pandas==3.0.6 (from -r requirements-cloud.txt (line 4))
  Using cached pandas-3.0.6-cp312-cp312-manylinux_2_24_x86_64.manylinux_2_28_x86_64.whl (10.8 MB)
Collecting scikit-learn==1.9.1 (from -r requirements-cloud.txt (line 5))
  Using cached scikit_learn-1.9.1-cp312-cp312-manylinux_2_27_x86_64.manylinux_2_28_x86_64.whl (9.2 MB)
Collecting matplotlib==3.11.2 (from -r requirements-cloud.txt (line 6))
  Using cached matplotlib-3.11.2-cp312-cp312-manylinux2014_x86_64.manylinux_2_17_x86_64.whl (9.9 MB)
Collecting mne==1.13.2 (from -r requirements-cloud.txt (line 7))
  Using cached mne-1.13.2-py3-none-any.whl (7.7 MB)
Collecting moabb==1.7.2 (from -r requirements-cloud.txt (line 8))
  Using cached moabb-1.7.2-py3-none-any.whl (980 kB)
Collecting braindecode==1.5.1 (from -r requirements-cloud.txt (line 9))
  Using cached braindecode-1.5.1-py3-none-any.whl (574 kB)
Collecting skorch==1.4.0 (from -r requirements-cloud.txt (line 10))
  Using cached skorch-1.4.0-py3-none-any.whl (271 kB)
Requirement already satisfied: torchaudio==2.11.0 in ./.venv-cloud/lib/python3.12/site-packages (from -r requirements-cloud.txt (line 11)) (2.11.0)
Requirement already satisfied: threadpoolctl==3.7.0 in ./.venv-cloud/lib/python3.12/site-packages (from -r requirements-cloud.txt (line 12)) (3.7.0)
Collecting python-dateutil>=2.8.2 (from pandas==3.0.6->-r requirements-cloud.txt (line 4))
  Using cached python_dateutil-2.9.0.post0-py2.py3-none-any.whl (229 kB)
Collecting joblib>=1.4.0 (from scikit-learn==1.9.1->-r requirements-cloud.txt (line 5))
  Using cached joblib-1.6.0-py3-none-any.whl (306 kB)
Requirement already satisfied: narwhals>=2.0.1 in ./.venv-cloud/lib/python3.12/site-packages (from scikit-learn==1.9.1->-r requirements-cloud.txt (line 5)) (2.26.0)
Collecting contourpy>=1.0.1 (from matplotlib==3.11.2->-r requirements-cloud.txt (line 6))
  Using cached contourpy-1.4.0-cp312-cp312-manylinux_2_27_x86_64.manylinux_2_28_x86_64.whl (383 kB)
Requirement already satisfied: cycler>=0.10 in ./.venv-cloud/lib/python3.12/site-packages (from matplotlib==3.11.2->-r requirements-cloud.txt (line 6)) (0.12.1)
Requirement already satisfied: fonttools>=4.28.2 in ./.venv-cloud/lib/python3.12/site-packages (from matplotlib==3.11.2->-r requirements-cloud.txt (line 6)) (4.65.0)
Requirement already satisfied: kiwisolver>=1.3.1 in ./.venv-cloud/lib/python3.12/site-packages (from matplotlib==3.11.2->-r requirements-cloud.txt (line 6)) (1.5.1)
Requirement already satisfied: packaging>=20.0 in ./.venv-cloud/lib/python3.12/site-packages (from matplotlib==3.11.2->-r requirements-cloud.txt (line 6)) (26.3)
Requirement already satisfied: pillow>=9 in ./.venv-cloud/lib/python3.12/site-packages (from matplotlib==3.11.2->-r requirements-cloud.txt (line 6)) (12.3.0)
Requirement already satisfied: pyparsing>=3 in ./.venv-cloud/lib/python3.12/site-packages (from matplotlib==3.11.2->-r requirements-cloud.txt (line 6)) (3.3.3)
Requirement already satisfied: decorator>=5.1 in ./.venv-cloud/lib/python3.12/site-packages (from mne==1.13.2->-r requirements-cloud.txt (line 7)) (5.3.1)
Requirement already satisfied: jinja2>=3.1 in ./.venv-cloud/lib/python3.12/site-packages (from mne==1.13.2->-r requirements-cloud.txt (line 7)) (3.1.6)
Collecting lazy-loader>=0.3 (from mne==1.13.2->-r requirements-cloud.txt (line 7))
  Using cached lazy_loader-0.6-py3-none-any.whl (8.8 kB)
Collecting pooch>=1.5 (from mne==1.13.2->-r requirements-cloud.txt (line 7))
  Using cached pooch-1.9.0-py3-none-any.whl (67 kB)
Requirement already satisfied: tqdm>=4.66 in ./.venv-cloud/lib/python3.12/site-packages (from mne==1.13.2->-r requirements-cloud.txt (line 7)) (4.70.1)
Collecting h5py>=3.10.0 (from moabb==1.7.2->-r requirements-cloud.txt (line 8))
  Using cached h5py-3.16.0-cp312-cp312-manylinux_2_28_x86_64.whl (5.4 MB)
Collecting pymatreader>=1.2.2 (from moabb==1.7.2->-r requirements-cloud.txt (line 8))
  Using cached pymatreader-1.3.1-py3-none-any.whl (10 kB)
Collecting seaborn>=0.12.1 (from moabb==1.7.2->-r requirements-cloud.txt (line 8))
  Using cached seaborn-0.13.2-py3-none-any.whl (294 kB)
Collecting pyriemann>=0.12 (from moabb==1.7.2->-r requirements-cloud.txt (line 8))
  Using cached pyriemann-0.12-py2.py3-none-any.whl (153 kB)
Requirement already satisfied: PyYAML>=6.0 in ./.venv-cloud/lib/python3.12/site-packages (from moabb==1.7.2->-r requirements-cloud.txt (line 8)) (6.0.3)
Collecting nemar-py>=0.2.1 (from moabb==1.7.2->-r requirements-cloud.txt (line 8))
  Using cached nemar_py-0.3.0-py3-none-any.whl (72 kB)
Collecting requests>=2.28.1 (from moabb==1.7.2->-r requirements-cloud.txt (line 8))
  Using cached requests-2.34.2-py3-none-any.whl (73 kB)
Collecting remotezip>=0.12.3 (from moabb==1.7.2->-r requirements-cloud.txt (line 8))
  Using cached remotezip-0.12.6-py3-none-any.whl (8.6 kB)
Requirement already satisfied: urllib3>=1.26.15 in ./.venv-cloud/lib/python3.12/site-packages (from moabb==1.7.2->-r requirements-cloud.txt (line 8)) (2.8.0)
Requirement already satisfied: coverage>=7.0.1 in ./.venv-cloud/lib/python3.12/site-packages (from moabb==1.7.2->-r requirements-cloud.txt (line 8)) (7.16.1)
Collecting memory-profiler>=0.61.0 (from moabb==1.7.2->-r requirements-cloud.txt (line 8))
  Using cached memory_profiler-0.61.0-py3-none-any.whl (31 kB)
Collecting edflib-python>=1.0.6 (from moabb==1.7.2->-r requirements-cloud.txt (line 8))
  Using cached EDFlib_Python-1.0.8-py3-none-any.whl (26 kB)
Collecting edfio>=0.4.2 (from moabb==1.7.2->-r requirements-cloud.txt (line 8))
  Using cached edfio-0.4.17-py3-none-any.whl (31 kB)
Requirement already satisfied: filelock>=3.18.0 in ./.venv-cloud/lib/python3.12/site-packages (from moabb==1.7.2->-r requirements-cloud.txt (line 8)) (3.32.3)
Collecting mne-bids>=0.19 (from moabb==1.7.2->-r requirements-cloud.txt (line 8))
  Using cached mne_bids-0.19.0-py3-none-any.whl (189 kB)
Collecting pybv>=0.7.3 (from moabb==1.7.2->-r requirements-cloud.txt (line 8))
  Using cached pybv-0.8.1-py3-none-any.whl (16 kB)
Requirement already satisfied: pycountry>=24.6.1 in ./.venv-cloud/lib/python3.12/site-packages (from moabb==1.7.2->-r requirements-cloud.txt (line 8)) (26.2.16)
Requirement already satisfied: docstring-inheritance>=2.0.0 in ./.venv-cloud/lib/python3.12/site-packages (from moabb==1.7.2->-r requirements-cloud.txt (line 8)) (3.0.0)
Requirement already satisfied: torch>=2.0 in ./.venv-cloud/lib/python3.12/site-packages (from braindecode==1.5.1->-r requirements-cloud.txt (line 9)) (2.14.0+cu132)
Requirement already satisfied: torchinfo in ./.venv-cloud/lib/python3.12/site-packages (from braindecode==1.5.1->-r requirements-cloud.txt (line 9)) (1.8.0)
Collecting wfdb>=4.3.1 (from braindecode==1.5.1->-r requirements-cloud.txt (line 9))
  Using cached wfdb-4.3.1-py3-none-any.whl (163 kB)
Collecting linear_attention_transformer (from braindecode==1.5.1->-r requirements-cloud.txt (line 9))
  Using cached linear_attention_transformer-0.19.1-py3-none-any.whl (12 kB)
Collecting rotary_embedding_torch (from braindecode==1.5.1->-r requirements-cloud.txt (line 9))
  Using cached rotary_embedding_torch-0.9.1-py3-none-any.whl (17 kB)
Collecting pydantic>=2.0 (from braindecode==1.5.1->-r requirements-cloud.txt (line 9))
  Using cached pydantic-2.13.5-py3-none-any.whl (472 kB)
Requirement already satisfied: tabulate>=0.7.7 in ./.venv-cloud/lib/python3.12/site-packages (from skorch==1.4.0->-r requirements-cloud.txt (line 10)) (0.10.0)
Requirement already satisfied: typing-extensions<5,>=4 in ./.venv-cloud/lib/python3.12/site-packages (from docstring-inheritance>=2.0.0->moabb==1.7.2->-r requirements-cloud.txt (line 8)) (4.16.0)
Requirement already satisfied: MarkupSafe>=2.0 in ./.venv-cloud/lib/python3.12/site-packages (from jinja2>=3.1->mne==1.13.2->-r requirements-cloud.txt (line 7)) (3.0.3)
Requirement already satisfied: cloudpickle>=3.0 in ./.venv-cloud/lib/python3.12/site-packages (from joblib>=1.4.0->scikit-learn==1.9.1->-r requirements-cloud.txt (line 5)) (3.1.2)
Requirement already satisfied: psutil in ./.venv-cloud/lib/python3.12/site-packages (from memory-profiler>=0.61.0->moabb==1.7.2->-r requirements-cloud.txt (line 8)) (7.2.2)
Collecting httpx>=0.25 (from nemar-py>=0.2.1->moabb==1.7.2->-r requirements-cloud.txt (line 8))
  Using cached httpx-0.28.1-py3-none-any.whl (73 kB)
Collecting typer>=0.12 (from nemar-py>=0.2.1->moabb==1.7.2->-r requirements-cloud.txt (line 8))
  Using cached typer-0.27.2-py3-none-any.whl (123 kB)
Requirement already satisfied: wcmatch>=10.1 in ./.venv-cloud/lib/python3.12/site-packages (from nemar-py>=0.2.1->moabb==1.7.2->-r requirements-cloud.txt (line 8)) (11.0.1)
Collecting boto3>=1.34 (from nemar-py>=0.2.1->moabb==1.7.2->-r requirements-cloud.txt (line 8))
  Using cached boto3-1.43.100-py3-none-any.whl (140 kB)
Collecting botocore<1.44.0,>=1.43.100 (from boto3>=1.34->nemar-py>=0.2.1->moabb==1.7.2->-r requirements-cloud.txt (line 8))
  Using cached botocore-1.43.100-py3-none-any.whl (15.9 MB)
Requirement already satisfied: jmespath<2.0.0,>=0.7.1 in ./.venv-cloud/lib/python3.12/site-packages (from boto3>=1.34->nemar-py>=0.2.1->moabb==1.7.2->-r requirements-cloud.txt (line 8)) (1.1.0)
Collecting s3transfer<0.20.0,>=0.19.0 (from boto3>=1.34->nemar-py>=0.2.1->moabb==1.7.2->-r requirements-cloud.txt (line 8))
  Using cached s3transfer-0.19.2-py3-none-any.whl (90 kB)
Requirement already satisfied: six>=1.5 in ./.venv-cloud/lib/python3.12/site-packages (from python-dateutil>=2.8.2->pandas==3.0.6->-r requirements-cloud.txt (line 4)) (1.17.0)
Collecting anyio (from httpx>=0.25->nemar-py>=0.2.1->moabb==1.7.2->-r requirements-cloud.txt (line 8))
  Using cached anyio-4.15.1-py3-none-any.whl (132 kB)
Requirement already satisfied: certifi in ./.venv-cloud/lib/python3.12/site-packages (from httpx>=0.25->nemar-py>=0.2.1->moabb==1.7.2->-r requirements-cloud.txt (line 8)) (2026.7.22)
Collecting httpcore==1.* (from httpx>=0.25->nemar-py>=0.2.1->moabb==1.7.2->-r requirements-cloud.txt (line 8))
  Using cached httpcore-1.0.9-py3-none-any.whl (78 kB)
Requirement already satisfied: idna in ./.venv-cloud/lib/python3.12/site-packages (from httpx>=0.25->nemar-py>=0.2.1->moabb==1.7.2->-r requirements-cloud.txt (line 8)) (3.20)
Requirement already satisfied: h11>=0.16 in ./.venv-cloud/lib/python3.12/site-packages (from httpcore==1.*->httpx>=0.25->nemar-py>=0.2.1->moabb==1.7.2->-r requirements-cloud.txt (line 8)) (0.16.0)
Requirement already satisfied: platformdirs>=2.5.0 in ./.venv-cloud/lib/python3.12/site-packages (from pooch>=1.5->mne==1.13.2->-r requirements-cloud.txt (line 7)) (4.11.12)
Requirement already satisfied: annotated-types>=0.6.0 in ./.venv-cloud/lib/python3.12/site-packages (from pydantic>=2.0->braindecode==1.5.1->-r requirements-cloud.txt (line 9)) (0.8.0)
Requirement already satisfied: pydantic-core==2.46.5 in ./.venv-cloud/lib/python3.12/site-packages (from pydantic>=2.0->braindecode==1.5.1->-r requirements-cloud.txt (line 9)) (2.46.5)
Requirement already satisfied: typing-inspection>=0.4.2 in ./.venv-cloud/lib/python3.12/site-packages (from pydantic>=2.0->braindecode==1.5.1->-r requirements-cloud.txt (line 9)) (0.4.4)
Requirement already satisfied: xmltodict>0.13 in ./.venv-cloud/lib/python3.12/site-packages (from pymatreader>=1.2.2->moabb==1.7.2->-r requirements-cloud.txt (line 8)) (1.0.4)
Requirement already satisfied: array-api-compat>=1.11 in ./.venv-cloud/lib/python3.12/site-packages (from pyriemann>=0.12->moabb==1.7.2->-r requirements-cloud.txt (line 8)) (1.15.0)
Collecting array-api-extra>=0.6 (from pyriemann>=0.12->moabb==1.7.2->-r requirements-cloud.txt (line 8))
  Using cached array_api_extra-0.11.4-py3-none-any.whl (120 kB)
Requirement already satisfied: charset_normalizer<4,>=2 in ./.venv-cloud/lib/python3.12/site-packages (from requests>=2.28.1->moabb==1.7.2->-r requirements-cloud.txt (line 8)) (3.5.1)
Requirement already satisfied: setuptools>=77.0.3 in ./.venv-cloud/lib/python3.12/site-packages (from torch>=2.0->braindecode==1.5.1->-r requirements-cloud.txt (line 9)) (78.1.0)
Requirement already satisfied: sympy>=1.13.3 in ./.venv-cloud/lib/python3.12/site-packages (from torch>=2.0->braindecode==1.5.1->-r requirements-cloud.txt (line 9)) (1.14.0)
Requirement already satisfied: networkx>=2.5.1 in ./.venv-cloud/lib/python3.12/site-packages (from torch>=2.0->braindecode==1.5.1->-r requirements-cloud.txt (line 9)) (3.6.1)
Requirement already satisfied: fsspec>=0.8.5 in ./.venv-cloud/lib/python3.12/site-packages (from torch>=2.0->braindecode==1.5.1->-r requirements-cloud.txt (line 9)) (2026.7.0)
Requirement already satisfied: cuda-toolkit==13.2.1 in ./.venv-cloud/lib/python3.12/site-packages (from cuda-toolkit[cublas,cudart,cufft,cufile,cupti,curand,cusolver,cusparse,nvjitlink,nvrtc,nvtx]==13.2.1; platform_system == "Linux"->torch>=2.0->braindecode==1.5.1->-r requirements-cloud.txt (line 9)) (13.2.1)
Requirement already satisfied: cuda-bindings<14,>=13.0.3 in ./.venv-cloud/lib/python3.12/site-packages (from torch>=2.0->braindecode==1.5.1->-r requirements-cloud.txt (line 9)) (13.4.2)
Requirement already satisfied: nvidia-cudnn-cu13==9.24.0.43 in ./.venv-cloud/lib/python3.12/site-packages (from torch>=2.0->braindecode==1.5.1->-r requirements-cloud.txt (line 9)) (9.24.0.43)
Requirement already satisfied: nvidia-cusparselt-cu13==0.8.1 in ./.venv-cloud/lib/python3.12/site-packages (from torch>=2.0->braindecode==1.5.1->-r requirements-cloud.txt (line 9)) (0.8.1)
Requirement already satisfied: nvidia-nccl-cu13==2.30.7 in ./.venv-cloud/lib/python3.12/site-packages (from torch>=2.0->braindecode==1.5.1->-r requirements-cloud.txt (line 9)) (2.30.7)
Requirement already satisfied: nvidia-nvshmem-cu13==3.4.5 in ./.venv-cloud/lib/python3.12/site-packages (from torch>=2.0->braindecode==1.5.1->-r requirements-cloud.txt (line 9)) (3.4.5)
Requirement already satisfied: triton~=3.8.0 in ./.venv-cloud/lib/python3.12/site-packages (from torch>=2.0->braindecode==1.5.1->-r requirements-cloud.txt (line 9)) (3.8.0)
Requirement already satisfied: nvidia-cublas==13.4.0.1.* in ./.venv-cloud/lib/python3.12/site-packages (from cuda-toolkit[cublas,cudart,cufft,cufile,cupti,curand,cusolver,cusparse,nvjitlink,nvrtc,nvtx]==13.2.1; platform_system == "Linux"->torch>=2.0->braindecode==1.5.1->-r requirements-cloud.txt (line 9)) (13.4.0.1)
Requirement already satisfied: nvidia-cuda-nvrtc==13.2.78.* in ./.venv-cloud/lib/python3.12/site-packages (from cuda-toolkit[cublas,cudart,cufft,cufile,cupti,curand,cusolver,cusparse,nvjitlink,nvrtc,nvtx]==13.2.1; platform_system == "Linux"->torch>=2.0->braindecode==1.5.1->-r requirements-cloud.txt (line 9)) (13.2.78)
Requirement already satisfied: nvidia-cuda-runtime==13.2.75.* in ./.venv-cloud/lib/python3.12/site-packages (from cuda-toolkit[cublas,cudart,cufft,cufile,cupti,curand,cusolver,cusparse,nvjitlink,nvrtc,nvtx]==13.2.1; platform_system == "Linux"->torch>=2.0->braindecode==1.5.1->-r requirements-cloud.txt (line 9)) (13.2.75)
Requirement already satisfied: nvidia-cufft==12.2.0.46.* in ./.venv-cloud/lib/python3.12/site-packages (from cuda-toolkit[cublas,cudart,cufft,cufile,cupti,curand,cusolver,cusparse,nvjitlink,nvrtc,nvtx]==13.2.1; platform_system == "Linux"->torch>=2.0->braindecode==1.5.1->-r requirements-cloud.txt (line 9)) (12.2.0.46)
Requirement already satisfied: nvidia-nvjitlink<14,>=13.2.78 in ./.venv-cloud/lib/python3.12/site-packages (from cuda-toolkit[cublas,cudart,cufft,cufile,cupti,curand,cusolver,cusparse,nvjitlink,nvrtc,nvtx]==13.2.1; platform_system == "Linux"->torch>=2.0->braindecode==1.5.1->-r requirements-cloud.txt (line 9)) (13.4.92)
Requirement already satisfied: nvidia-cufile==1.17.1.22.* in ./.venv-cloud/lib/python3.12/site-packages (from cuda-toolkit[cublas,cudart,cufft,cufile,cupti,curand,cusolver,cusparse,nvjitlink,nvrtc,nvtx]==13.2.1; platform_system == "Linux"->torch>=2.0->braindecode==1.5.1->-r requirements-cloud.txt (line 9)) (1.17.1.22)
Requirement already satisfied: nvidia-cuda-cupti==13.2.75.* in ./.venv-cloud/lib/python3.12/site-packages (from cuda-toolkit[cublas,cudart,cufft,cufile,cupti,curand,cusolver,cusparse,nvjitlink,nvrtc,nvtx]==13.2.1; platform_system == "Linux"->torch>=2.0->braindecode==1.5.1->-r requirements-cloud.txt (line 9)) (13.2.75)
Requirement already satisfied: nvidia-curand==10.4.2.55.* in ./.venv-cloud/lib/python3.12/site-packages (from cuda-toolkit[cublas,cudart,cufft,cufile,cupti,curand,cusolver,cusparse,nvjitlink,nvrtc,nvtx]==13.2.1; platform_system == "Linux"->torch>=2.0->braindecode==1.5.1->-r requirements-cloud.txt (line 9)) (10.4.2.55)
Requirement already satisfied: nvidia-cusolver==12.2.0.1.* in ./.venv-cloud/lib/python3.12/site-packages (from cuda-toolkit[cublas,cudart,cufft,cufile,cupti,curand,cusolver,cusparse,nvjitlink,nvrtc,nvtx]==13.2.1; platform_system == "Linux"->torch>=2.0->braindecode==1.5.1->-r requirements-cloud.txt (line 9)) (12.2.0.1)
Requirement already satisfied: nvidia-cusparse==12.7.10.1.* in ./.venv-cloud/lib/python3.12/site-packages (from cuda-toolkit[cublas,cudart,cufft,cufile,cupti,curand,cusolver,cusparse,nvjitlink,nvrtc,nvtx]==13.2.1; platform_system == "Linux"->torch>=2.0->braindecode==1.5.1->-r requirements-cloud.txt (line 9)) (12.7.10.1)
Requirement already satisfied: nvidia-nvtx==13.2.75.* in ./.venv-cloud/lib/python3.12/site-packages (from cuda-toolkit[cublas,cudart,cufft,cufile,cupti,curand,cusolver,cusparse,nvjitlink,nvrtc,nvtx]==13.2.1; platform_system == "Linux"->torch>=2.0->braindecode==1.5.1->-r requirements-cloud.txt (line 9)) (13.2.75)
Requirement already satisfied: cuda-pathfinder>=1.4.2 in ./.venv-cloud/lib/python3.12/site-packages (from cuda-bindings<14,>=13.0.3->torch>=2.0->braindecode==1.5.1->-r requirements-cloud.txt (line 9)) (1.8.2)
Requirement already satisfied: mpmath<1.4,>=1.1.0 in ./.venv-cloud/lib/python3.12/site-packages (from sympy>=1.13.3->torch>=2.0->braindecode==1.5.1->-r requirements-cloud.txt (line 9)) (1.3.0)
Requirement already satisfied: shellingham>=1.3.0 in ./.venv-cloud/lib/python3.12/site-packages (from typer>=0.12->nemar-py>=0.2.1->moabb==1.7.2->-r requirements-cloud.txt (line 8)) (1.5.4)
Collecting rich>=13.8.0 (from typer>=0.12->nemar-py>=0.2.1->moabb==1.7.2->-r requirements-cloud.txt (line 8))
  Using cached rich-15.0.0-py3-none-any.whl (310 kB)
Requirement already satisfied: annotated-doc>=0.0.2 in ./.venv-cloud/lib/python3.12/site-packages (from typer>=0.12->nemar-py>=0.2.1->moabb==1.7.2->-r requirements-cloud.txt (line 8)) (0.0.5)
Collecting markdown-it-py>=2.2.0 (from rich>=13.8.0->typer>=0.12->nemar-py>=0.2.1->moabb==1.7.2->-r requirements-cloud.txt (line 8))
  Using cached markdown_it_py-4.2.0-py3-none-any.whl (91 kB)
Requirement already satisfied: pygments<3.0.0,>=2.13.0 in ./.venv-cloud/lib/python3.12/site-packages (from rich>=13.8.0->typer>=0.12->nemar-py>=0.2.1->moabb==1.7.2->-r requirements-cloud.txt (line 8)) (2.21.0)
Requirement already satisfied: mdurl~=0.1 in ./.venv-cloud/lib/python3.12/site-packages (from markdown-it-py>=2.2.0->rich>=13.8.0->typer>=0.12->nemar-py>=0.2.1->moabb==1.7.2->-r requirements-cloud.txt (line 8)) (0.1.2)
Requirement already satisfied: bracex>=3.0 in ./.venv-cloud/lib/python3.12/site-packages (from wcmatch>=10.1->nemar-py>=0.2.1->moabb==1.7.2->-r requirements-cloud.txt (line 8)) (3.0.1)
Collecting aiohttp>=3.10.11 (from wfdb>=4.3.1->braindecode==1.5.1->-r requirements-cloud.txt (line 9))
  Using cached aiohttp-3.14.3-cp312-cp312-manylinux2014_x86_64.manylinux_2_17_x86_64.manylinux_2_28_x86_64.whl (1.8 MB)
Collecting soundfile>=0.10.0 (from wfdb>=4.3.1->braindecode==1.5.1->-r requirements-cloud.txt (line 9))
  Using cached soundfile-0.14.0-py2.py3-none-manylinux_2_28_x86_64.whl (1.3 MB)
Requirement already satisfied: aiohappyeyeballs>=2.5.0 in ./.venv-cloud/lib/python3.12/site-packages (from aiohttp>=3.10.11->wfdb>=4.3.1->braindecode==1.5.1->-r requirements-cloud.txt (line 9)) (2.7.1)
Collecting aiosignal>=1.4.0 (from aiohttp>=3.10.11->wfdb>=4.3.1->braindecode==1.5.1->-r requirements-cloud.txt (line 9))
  Using cached aiosignal-1.4.0-py3-none-any.whl (7.5 kB)
Requirement already satisfied: attrs>=17.3.0 in ./.venv-cloud/lib/python3.12/site-packages (from aiohttp>=3.10.11->wfdb>=4.3.1->braindecode==1.5.1->-r requirements-cloud.txt (line 9)) (26.1.0)
Requirement already satisfied: frozenlist>=1.1.1 in ./.venv-cloud/lib/python3.12/site-packages (from aiohttp>=3.10.11->wfdb>=4.3.1->braindecode==1.5.1->-r requirements-cloud.txt (line 9)) (1.8.0)
Requirement already satisfied: multidict<7.0,>=4.5 in ./.venv-cloud/lib/python3.12/site-packages (from aiohttp>=3.10.11->wfdb>=4.3.1->braindecode==1.5.1->-r requirements-cloud.txt (line 9)) (6.9.1)
Requirement already satisfied: propcache>=0.2.0 in ./.venv-cloud/lib/python3.12/site-packages (from aiohttp>=3.10.11->wfdb>=4.3.1->braindecode==1.5.1->-r requirements-cloud.txt (line 9)) (0.5.4)
Requirement already satisfied: yarl<2.0,>=1.17.0 in ./.venv-cloud/lib/python3.12/site-packages (from aiohttp>=3.10.11->wfdb>=4.3.1->braindecode==1.5.1->-r requirements-cloud.txt (line 9)) (1.25.1)
Collecting cffi>=1.0 (from soundfile>=0.10.0->wfdb>=4.3.1->braindecode==1.5.1->-r requirements-cloud.txt (line 9))
  Using cached cffi-2.1.1-cp312-cp312-manylinux2014_x86_64.manylinux_2_17_x86_64.whl (221 kB)
Requirement already satisfied: pycparser in ./.venv-cloud/lib/python3.12/site-packages (from cffi>=1.0->soundfile>=0.10.0->wfdb>=4.3.1->braindecode==1.5.1->-r requirements-cloud.txt (line 9)) (3.0)
Collecting axial-positional-embedding (from linear_attention_transformer->braindecode==1.5.1->-r requirements-cloud.txt (line 9))
  Using cached axial_positional_embedding-0.3.12-py3-none-any.whl (6.7 kB)
Requirement already satisfied: einops in ./.venv-cloud/lib/python3.12/site-packages (from linear_attention_transformer->braindecode==1.5.1->-r requirements-cloud.txt (line 9)) (0.8.2)
Collecting linformer>=0.1.0 (from linear_attention_transformer->braindecode==1.5.1->-r requirements-cloud.txt (line 9))
  Using cached linformer-0.2.3-py3-none-any.whl (6.2 kB)
Collecting local-attention (from linear_attention_transformer->braindecode==1.5.1->-r requirements-cloud.txt (line 9))
  Using cached local_attention-1.11.2-py3-none-any.whl (9.5 kB)
Collecting product-key-memory>=0.1.5 (from linear_attention_transformer->braindecode==1.5.1->-r requirements-cloud.txt (line 9))
  Using cached product_key_memory-0.3.0-py3-none-any.whl (8.3 kB)
Collecting colt5-attention>=0.10.14 (from product-key-memory>=0.1.5->linear_attention_transformer->braindecode==1.5.1->-r requirements-cloud.txt (line 9))
  Using cached colt5_attention-0.11.2-py3-none-any.whl (23 kB)
Collecting hyper-connections>=0.1.8 (from local-attention->linear_attention_transformer->braindecode==1.5.1->-r requirements-cloud.txt (line 9))
  Using cached hyper_connections-0.4.11-py3-none-any.whl (29 kB)
Collecting torch-einops-utils>=0.0.20 (from hyper-connections>=0.1.8->local-attention->linear_attention_transformer->braindecode==1.5.1->-r requirements-cloud.txt (line 9))
  Using cached torch_einops_utils-0.1.29-py3-none-any.whl (15 kB)
Installing collected packages: requests, python-dateutil, pybv, memory-profiler, markdown-it-py, lazy-loader, joblib, httpcore, h5py, edflib-python, edfio, contourpy, cffi, array-api-extra, anyio, aiosignal, soundfile, scikit-learn, rich, remotezip, pymatreader, pydantic, pooch, pandas, matplotlib, httpx, botocore, aiohttp, wfdb, typer, skorch, seaborn, s3transfer, pyriemann, mne, mne-bids, boto3, torch-einops-utils, rotary_embedding_torch, nemar-py, linformer, axial-positional-embedding, moabb, hyper-connections, local-attention, colt5-attention, product-key-memory, linear_attention_transformer, braindecode

Successfully installed aiohttp-3.14.3 aiosignal-1.4.0 anyio-4.15.1 array-api-extra-0.11.4 axial-positional-embedding-0.3.12 boto3-1.43.100 botocore-1.43.100 braindecode-1.5.1 cffi-2.1.1 colt5-attention-0.11.2 contourpy-1.4.0 edfio-0.4.17 edflib-python-1.0.8 h5py-3.16.0 httpcore-1.0.9 httpx-0.28.1 hyper-connections-0.4.11 joblib-1.6.0 lazy-loader-0.6 linear_attention_transformer-0.19.1 linformer-0.2.3 local-attention-1.11.2 markdown-it-py-4.2.0 matplotlib-3.11.2 memory-profiler-0.61.0 mne-1.13.2 mne-bids-0.19.0 moabb-1.7.2 nemar-py-0.3.0 pandas-3.0.6 pooch-1.9.0 product-key-memory-0.3.0 pybv-0.8.1 pydantic-2.13.5 pymatreader-1.3.1 pyriemann-0.12 python-dateutil-2.9.0.post0 remotezip-0.12.6 requests-2.34.2 rich-15.0.0 rotary_embedding_torch-0.9.1 s3transfer-0.19.2 scikit-learn-1.9.1 seaborn-0.13.2 skorch-1.4.0 soundfile-0.14.0 torch-einops-utils-0.1.29 typer-0.27.2 wfdb-4.3.1
Looking in indexes: https://pypi.tuna.tsinghua.edu.cn/simple
Obtaining file:///workspace/Q5_EEGNet_Cloud_Ready
  Installing build dependencies: started
  Installing build dependencies: finished with status 'done'
  Checking if build backend supports build_editable: started
  Checking if build backend supports build_editable: finished with status 'done'
  Getting requirements to build editable: started
  Getting requirements to build editable: finished with status 'done'
  Preparing editable metadata (pyproject.toml): started
  Preparing editable metadata (pyproject.toml): finished with status 'done'
Building wheels for collected packages: cross-subject-mi-eeg
  Building editable for cross-subject-mi-eeg (pyproject.toml): started
  Building editable for cross-subject-mi-eeg (pyproject.toml): finished with status 'done'
  Created wheel for cross-subject-mi-eeg: filename=cross_subject_mi_eeg-0.1.0-0.editable-py3-none-any.whl size=3819 sha256=b324bcde5baeedaf1e6909903d87d02c43553784513a106e62ba237e3b4b857c
  Stored in directory: /tmp/pip-ephem-wheel-cache-01gmt8da/wheels/b3/9c/d9/f857c005db62ced61aefda108f944d2c6c235ee5f80ed3fe53
Successfully built cross-subject-mi-eeg
Installing collected packages: cross-subject-mi-eeg
  Attempting uninstall: cross-subject-mi-eeg
    Found existing installation: cross-subject-mi-eeg 0.1.0
    Uninstalling cross-subject-mi-eeg-0.1.0:
      Successfully uninstalled cross-subject-mi-eeg-0.1.0
Successfully installed cross-subject-mi-eeg-0.1.0
Dependencies installed. The following check uses the real CUDA device.
Python: 3.12.11
PyTorch: 2.14.0+cu132
PyTorch CUDA runtime: 13.2
GPU 0: NVIDIA GeForce RTX 5090; compute capability 12.0; 31.4 GiB
CUDA allocation and matrix operation passed on cuda:0.
Traceback (most recent call last):
  File "/workspace/Q5_EEGNet_Cloud_Ready/scripts/run_eegnet.py", line 32, in <module>
    from mi_eeg.models.eegnet_training import (
  File "/workspace/Q5_EEGNet_Cloud_Ready/src/mi_eeg/models/eegnet_training.py", line 10, in <module>
    from braindecode.models import EEGNet
  File "/workspace/Q5_EEGNet_Cloud_Ready/.venv-cloud/lib/python3.12/site-packages/braindecode/__init__.py", line 1, in <module>
    from .classifier import EEGClassifier
  File "/workspace/Q5_EEGNet_Cloud_Ready/.venv-cloud/lib/python3.12/site-packages/braindecode/classifier.py", line 16, in <module>
    from .eegneuralnet import _EEGNeuralNet
  File "/workspace/Q5_EEGNet_Cloud_Ready/.venv-cloud/lib/python3.12/site-packages/braindecode/eegneuralnet.py", line 20, in <module>
    from braindecode.datautil import infer_signal_properties
  File "/workspace/Q5_EEGNet_Cloud_Ready/.venv-cloud/lib/python3.12/site-packages/braindecode/datautil/__init__.py", line 12, in <module>
    from .util import infer_signal_properties
  File "/workspace/Q5_EEGNet_Cloud_Ready/.venv-cloud/lib/python3.12/site-packages/braindecode/datautil/util.py", line 14, in <module>
    from braindecode.models.util import SigArgName
  File "/workspace/Q5_EEGNet_Cloud_Ready/.venv-cloud/lib/python3.12/site-packages/braindecode/models/__init__.py", line 3, in <module>
    from .atcnet import ATCNet
  File "/workspace/Q5_EEGNet_Cloud_Ready/.venv-cloud/lib/python3.12/site-packages/braindecode/models/atcnet.py", line 12, in <module>
    from braindecode.modules import CausalConv1d, Ensure4d, MaxNormLinear
  File "/workspace/Q5_EEGNet_Cloud_Ready/.venv-cloud/lib/python3.12/site-packages/braindecode/modules/__init__.py", line 26, in <module>
    from .filter import FilterBankLayer, GeneralizedGaussianFilter
  File "/workspace/Q5_EEGNet_Cloud_Ready/.venv-cloud/lib/python3.12/site-packages/braindecode/modules/filter.py", line 10, in <module>
    from torchaudio.functional import fftconvolve, filtfilt
  File "/workspace/Q5_EEGNet_Cloud_Ready/.venv-cloud/lib/python3.12/site-packages/torchaudio/__init__.py", line 7, in <module>
    from . import _extension  # noqa  # usort: skip
    ^^^^^^^^^^^^^^^^^^^^^^^^
  File "/workspace/Q5_EEGNet_Cloud_Ready/.venv-cloud/lib/python3.12/site-packages/torchaudio/_extension/__init__.py", line 36, in <module>
    _check_cuda_version()
  File "/workspace/Q5_EEGNet_Cloud_Ready/.venv-cloud/lib/python3.12/site-packages/torchaudio/_extension/utils.py", line 124, in _check_cuda_version
    raise RuntimeError(
RuntimeError: Detected that PyTorch and TorchAudio were compiled with different CUDA versions. PyTorch has CUDA version 13.2 whereas TorchAudio has CUDA version 13.0. Please install the TorchAudio version that matches your PyTorch version.
archive_exit=0
