
===== ATTEMPT 1 2026-09-25T01:30:30.906423+00:00 =====
/root/autodl-tmp/q9-venv/lib/python3.12/site-packages/braindecode/models/eegpt.py:497: FutureWarning: Montage name 'standard_1020' is deprecated and will be removed in MNE 1.14. Use 'colin27_1020' instead.
  montage = mne.channels.make_standard_montage("standard_1020")
2.8.0+cu128 2.8.0+cu128 NVIDIA GeForce RTX 4080 SUPER
[start] Q11-E001_FOUR_BAND_SHARED_selection (2026-09-25T01:30:36.634567+00:00)
[complete] Q11-E001_FOUR_BAND_SHARED_selection
[start] Q11-E001_FOUR_BAND_SHARED_final (2026-09-25T01:51:27.046088+00:00)
[complete] Q11-E001_FOUR_BAND_SHARED_final
[start] Q11-E001_TWO_BAND_INDEPENDENT_selection (2026-09-25T01:56:28.683869+00:00)
[complete] Q11-E001_TWO_BAND_INDEPENDENT_selection
[start] Q11-E001_TWO_BAND_INDEPENDENT_final (2026-09-25T02:13:00.311375+00:00)
[complete] Q11-E001_TWO_BAND_INDEPENDENT_final
[start] Q11-E001_TWO_BAND_EARLY_STACK_selection (2026-09-25T02:18:38.515040+00:00)
[complete] Q11-E001_TWO_BAND_EARLY_STACK_selection
[start] Q11-E001_TWO_BAND_EARLY_STACK_final (2026-09-25T02:32:22.309845+00:00)
[complete] Q11-E001_TWO_BAND_EARLY_STACK_final
[start] Q11-E001_BROAD_CAPACITY_MATCHED_selection (2026-09-25T02:37:25.873792+00:00)
[complete] Q11-E001_BROAD_CAPACITY_MATCHED_selection
[start] Q11-E001_BROAD_CAPACITY_MATCHED_final (2026-09-25T02:47:25.410706+00:00)
[complete] Q11-E001_BROAD_CAPACITY_MATCHED_final
{
  "status": "passed_scientific_checks",
  "inner_fits": 144,
  "final_fits": 108,
  "checkpoint_parameter_counts_checked": 252,
  "source_only_selections_recomputed": 36,
  "conditions": [
    "FOUR_BAND_SHARED",
    "TWO_BAND_INDEPENDENT",
    "TWO_BAND_EARLY_STACK",
    "BROAD_CAPACITY_MATCHED"
  ],
  "errors": [],
  "scope": "exploratory_BNCI_not_external_confirmation"
}

===== EXIT 0 2026-09-25T02:50:42.442765+00:00 =====
