[run] Q14-E002R1 attempt at 2026-09-25T08:50:02.136440+00:00
S001--S055: byte-identical migrated copies verified
/root/autodl-tmp/q9-venv/lib/python3.12/site-packages/braindecode/models/eegpt.py:497: FutureWarning: Montage name 'standard_1020' is deprecated and will be removed in MNE 1.14. Use 'colin27_1020' instead.
  montage = mne.channels.make_standard_montage("standard_1020")
Downloading file 'S056/S056R08.edf' from 'https://physionet.org/files/eegmmidb/1.0.0/S056/S056R08.edf' to '/root/autodl-tmp/physionet/MNE-eegbci-data/files/eegmmidb/1.0.0'.
Downloading file 'S056/S056R12.edf' from 'https://physionet.org/files/eegmmidb/1.0.0/S056/S056R12.edf' to '/root/autodl-tmp/physionet/MNE-eegbci-data/files/eegmmidb/1.0.0'.
S056: 45 trials, 315 prediction rows
Downloading file 'S057/S057R04.edf' from 'https://physionet.org/files/eegmmidb/1.0.0/S057/S057R04.edf' to '/root/autodl-tmp/physionet/MNE-eegbci-data/files/eegmmidb/1.0.0'.
Downloading file 'S057/S057R08.edf' from 'https://physionet.org/files/eegmmidb/1.0.0/S057/S057R08.edf' to '/root/autodl-tmp/physionet/MNE-eegbci-data/files/eegmmidb/1.0.0'.
Downloading file 'S057/S057R12.edf' from 'https://physionet.org/files/eegmmidb/1.0.0/S057/S057R12.edf' to '/root/autodl-tmp/physionet/MNE-eegbci-data/files/eegmmidb/1.0.0'.
S057: 45 trials, 315 prediction rows
Downloading file 'S058/S058R04.edf' from 'https://physionet.org/files/eegmmidb/1.0.0/S058/S058R04.edf' to '/root/autodl-tmp/physionet/MNE-eegbci-data/files/eegmmidb/1.0.0'.
Downloading file 'S058/S058R08.edf' from 'https://physionet.org/files/eegmmidb/1.0.0/S058/S058R08.edf' to '/root/autodl-tmp/physionet/MNE-eegbci-data/files/eegmmidb/1.0.0'.
Downloading file 'S058/S058R12.edf' from 'https://physionet.org/files/eegmmidb/1.0.0/S058/S058R12.edf' to '/root/autodl-tmp/physionet/MNE-eegbci-data/files/eegmmidb/1.0.0'.
S058: 45 trials, 315 prediction rows
Downloading file 'S059/S059R04.edf' from 'https://physionet.org/files/eegmmidb/1.0.0/S059/S059R04.edf' to '/root/autodl-tmp/physionet/MNE-eegbci-data/files/eegmmidb/1.0.0'.
Downloading file 'S059/S059R08.edf' from 'https://physionet.org/files/eegmmidb/1.0.0/S059/S059R08.edf' to '/root/autodl-tmp/physionet/MNE-eegbci-data/files/eegmmidb/1.0.0'.
Downloading file 'S059/S059R12.edf' from 'https://physionet.org/files/eegmmidb/1.0.0/S059/S059R12.edf' to '/root/autodl-tmp/physionet/MNE-eegbci-data/files/eegmmidb/1.0.0'.
S059: 45 trials, 315 prediction rows
Downloading file 'S060/S060R04.edf' from 'https://physionet.org/files/eegmmidb/1.0.0/S060/S060R04.edf' to '/root/autodl-tmp/physionet/MNE-eegbci-data/files/eegmmidb/1.0.0'.
Downloading file 'S060/S060R08.edf' from 'https://physionet.org/files/eegmmidb/1.0.0/S060/S060R08.edf' to '/root/autodl-tmp/physionet/MNE-eegbci-data/files/eegmmidb/1.0.0'.
Downloading file 'S060/S060R12.edf' from 'https://physionet.org/files/eegmmidb/1.0.0/S060/S060R12.edf' to '/root/autodl-tmp/physionet/MNE-eegbci-data/files/eegmmidb/1.0.0'.
S060: 45 trials, 315 prediction rows
Downloading file 'S061/S061R04.edf' from 'https://physionet.org/files/eegmmidb/1.0.0/S061/S061R04.edf' to '/root/autodl-tmp/physionet/MNE-eegbci-data/files/eegmmidb/1.0.0'.
Downloading file 'S061/S061R08.edf' from 'https://physionet.org/files/eegmmidb/1.0.0/S061/S061R08.edf' to '/root/autodl-tmp/physionet/MNE-eegbci-data/files/eegmmidb/1.0.0'.
Downloading file 'S061/S061R12.edf' from 'https://physionet.org/files/eegmmidb/1.0.0/S061/S061R12.edf' to '/root/autodl-tmp/physionet/MNE-eegbci-data/files/eegmmidb/1.0.0'.
S061: 45 trials, 315 prediction rows
Downloading file 'S062/S062R04.edf' from 'https://physionet.org/files/eegmmidb/1.0.0/S062/S062R04.edf' to '/root/autodl-tmp/physionet/MNE-eegbci-data/files/eegmmidb/1.0.0'.
Downloading file 'S062/S062R08.edf' from 'https://physionet.org/files/eegmmidb/1.0.0/S062/S062R08.edf' to '/root/autodl-tmp/physionet/MNE-eegbci-data/files/eegmmidb/1.0.0'.
Downloading file 'S062/S062R12.edf' from 'https://physionet.org/files/eegmmidb/1.0.0/S062/S062R12.edf' to '/root/autodl-tmp/physionet/MNE-eegbci-data/files/eegmmidb/1.0.0'.
S062: 45 trials, 315 prediction rows
Downloading file 'S063/S063R04.edf' from 'https://physionet.org/files/eegmmidb/1.0.0/S063/S063R04.edf' to '/root/autodl-tmp/physionet/MNE-eegbci-data/files/eegmmidb/1.0.0'.
Downloading file 'S063/S063R08.edf' from 'https://physionet.org/files/eegmmidb/1.0.0/S063/S063R08.edf' to '/root/autodl-tmp/physionet/MNE-eegbci-data/files/eegmmidb/1.0.0'.
Downloading file 'S063/S063R12.edf' from 'https://physionet.org/files/eegmmidb/1.0.0/S063/S063R12.edf' to '/root/autodl-tmp/physionet/MNE-eegbci-data/files/eegmmidb/1.0.0'.
S063: 45 trials, 315 prediction rows
Downloading file 'S064/S064R04.edf' from 'https://physionet.org/files/eegmmidb/1.0.0/S064/S064R04.edf' to '/root/autodl-tmp/physionet/MNE-eegbci-data/files/eegmmidb/1.0.0'.
Downloading file 'S064/S064R08.edf' from 'https://physionet.org/files/eegmmidb/1.0.0/S064/S064R08.edf' to '/root/autodl-tmp/physionet/MNE-eegbci-data/files/eegmmidb/1.0.0'.
Downloading file 'S064/S064R12.edf' from 'https://physionet.org/files/eegmmidb/1.0.0/S064/S064R12.edf' to '/root/autodl-tmp/physionet/MNE-eegbci-data/files/eegmmidb/1.0.0'.
S064: 45 trials, 315 prediction rows
Downloading file 'S065/S065R04.edf' from 'https://physionet.org/files/eegmmidb/1.0.0/S065/S065R04.edf' to '/root/autodl-tmp/physionet/MNE-eegbci-data/files/eegmmidb/1.0.0'.
Downloading file 'S065/S065R08.edf' from 'https://physionet.org/files/eegmmidb/1.0.0/S065/S065R08.edf' to '/root/autodl-tmp/physionet/MNE-eegbci-data/files/eegmmidb/1.0.0'.
Downloading file 'S065/S065R12.edf' from 'https://physionet.org/files/eegmmidb/1.0.0/S065/S065R12.edf' to '/root/autodl-tmp/physionet/MNE-eegbci-data/files/eegmmidb/1.0.0'.
S065: 45 trials, 315 prediction rows
Downloading file 'S066/S066R04.edf' from 'https://physionet.org/files/eegmmidb/1.0.0/S066/S066R04.edf' to '/root/autodl-tmp/physionet/MNE-eegbci-data/files/eegmmidb/1.0.0'.
Downloading file 'S066/S066R08.edf' from 'https://physionet.org/files/eegmmidb/1.0.0/S066/S066R08.edf' to '/root/autodl-tmp/physionet/MNE-eegbci-data/files/eegmmidb/1.0.0'.
Downloading file 'S066/S066R12.edf' from 'https://physionet.org/files/eegmmidb/1.0.0/S066/S066R12.edf' to '/root/autodl-tmp/physionet/MNE-eegbci-data/files/eegmmidb/1.0.0'.
S066: 45 trials, 315 prediction rows
Downloading file 'S067/S067R04.edf' from 'https://physionet.org/files/eegmmidb/1.0.0/S067/S067R04.edf' to '/root/autodl-tmp/physionet/MNE-eegbci-data/files/eegmmidb/1.0.0'.
Downloading file 'S067/S067R08.edf' from 'https://physionet.org/files/eegmmidb/1.0.0/S067/S067R08.edf' to '/root/autodl-tmp/physionet/MNE-eegbci-data/files/eegmmidb/1.0.0'.
Downloading file 'S067/S067R12.edf' from 'https://physionet.org/files/eegmmidb/1.0.0/S067/S067R12.edf' to '/root/autodl-tmp/physionet/MNE-eegbci-data/files/eegmmidb/1.0.0'.
S067: 45 trials, 315 prediction rows
Downloading file 'S068/S068R04.edf' from 'https://physionet.org/files/eegmmidb/1.0.0/S068/S068R04.edf' to '/root/autodl-tmp/physionet/MNE-eegbci-data/files/eegmmidb/1.0.0'.
Downloading file 'S068/S068R08.edf' from 'https://physionet.org/files/eegmmidb/1.0.0/S068/S068R08.edf' to '/root/autodl-tmp/physionet/MNE-eegbci-data/files/eegmmidb/1.0.0'.
Downloading file 'S068/S068R12.edf' from 'https://physionet.org/files/eegmmidb/1.0.0/S068/S068R12.edf' to '/root/autodl-tmp/physionet/MNE-eegbci-data/files/eegmmidb/1.0.0'.
S068: 45 trials, 315 prediction rows
Downloading file 'S069/S069R04.edf' from 'https://physionet.org/files/eegmmidb/1.0.0/S069/S069R04.edf' to '/root/autodl-tmp/physionet/MNE-eegbci-data/files/eegmmidb/1.0.0'.
Downloading file 'S069/S069R08.edf' from 'https://physionet.org/files/eegmmidb/1.0.0/S069/S069R08.edf' to '/root/autodl-tmp/physionet/MNE-eegbci-data/files/eegmmidb/1.0.0'.
Downloading file 'S069/S069R12.edf' from 'https://physionet.org/files/eegmmidb/1.0.0/S069/S069R12.edf' to '/root/autodl-tmp/physionet/MNE-eegbci-data/files/eegmmidb/1.0.0'.
S069: 45 trials, 315 prediction rows
Downloading file 'S070/S070R04.edf' from 'https://physionet.org/files/eegmmidb/1.0.0/S070/S070R04.edf' to '/root/autodl-tmp/physionet/MNE-eegbci-data/files/eegmmidb/1.0.0'.
Downloading file 'S070/S070R08.edf' from 'https://physionet.org/files/eegmmidb/1.0.0/S070/S070R08.edf' to '/root/autodl-tmp/physionet/MNE-eegbci-data/files/eegmmidb/1.0.0'.
Downloading file 'S070/S070R12.edf' from 'https://physionet.org/files/eegmmidb/1.0.0/S070/S070R12.edf' to '/root/autodl-tmp/physionet/MNE-eegbci-data/files/eegmmidb/1.0.0'.
S070: 45 trials, 315 prediction rows
Downloading file 'S071/S071R04.edf' from 'https://physionet.org/files/eegmmidb/1.0.0/S071/S071R04.edf' to '/root/autodl-tmp/physionet/MNE-eegbci-data/files/eegmmidb/1.0.0'.
Downloading file 'S071/S071R08.edf' from 'https://physionet.org/files/eegmmidb/1.0.0/S071/S071R08.edf' to '/root/autodl-tmp/physionet/MNE-eegbci-data/files/eegmmidb/1.0.0'.
Downloading file 'S071/S071R12.edf' from 'https://physionet.org/files/eegmmidb/1.0.0/S071/S071R12.edf' to '/root/autodl-tmp/physionet/MNE-eegbci-data/files/eegmmidb/1.0.0'.
S071: 45 trials, 315 prediction rows
Downloading file 'S072/S072R04.edf' from 'https://physionet.org/files/eegmmidb/1.0.0/S072/S072R04.edf' to '/root/autodl-tmp/physionet/MNE-eegbci-data/files/eegmmidb/1.0.0'.
Downloading file 'S072/S072R08.edf' from 'https://physionet.org/files/eegmmidb/1.0.0/S072/S072R08.edf' to '/root/autodl-tmp/physionet/MNE-eegbci-data/files/eegmmidb/1.0.0'.
Downloading file 'S072/S072R12.edf' from 'https://physionet.org/files/eegmmidb/1.0.0/S072/S072R12.edf' to '/root/autodl-tmp/physionet/MNE-eegbci-data/files/eegmmidb/1.0.0'.
S072: 45 trials, 315 prediction rows
Downloading file 'S073/S073R04.edf' from 'https://physionet.org/files/eegmmidb/1.0.0/S073/S073R04.edf' to '/root/autodl-tmp/physionet/MNE-eegbci-data/files/eegmmidb/1.0.0'.
Downloading file 'S073/S073R08.edf' from 'https://physionet.org/files/eegmmidb/1.0.0/S073/S073R08.edf' to '/root/autodl-tmp/physionet/MNE-eegbci-data/files/eegmmidb/1.0.0'.
Downloading file 'S073/S073R12.edf' from 'https://physionet.org/files/eegmmidb/1.0.0/S073/S073R12.edf' to '/root/autodl-tmp/physionet/MNE-eegbci-data/files/eegmmidb/1.0.0'.
S073: 45 trials, 315 prediction rows
Downloading file 'S074/S074R04.edf' from 'https://physionet.org/files/eegmmidb/1.0.0/S074/S074R04.edf' to '/root/autodl-tmp/physionet/MNE-eegbci-data/files/eegmmidb/1.0.0'.
Downloading file 'S074/S074R08.edf' from 'https://physionet.org/files/eegmmidb/1.0.0/S074/S074R08.edf' to '/root/autodl-tmp/physionet/MNE-eegbci-data/files/eegmmidb/1.0.0'.
Downloading file 'S074/S074R12.edf' from 'https://physionet.org/files/eegmmidb/1.0.0/S074/S074R12.edf' to '/root/autodl-tmp/physionet/MNE-eegbci-data/files/eegmmidb/1.0.0'.
S074: 45 trials, 315 prediction rows
Downloading file 'S075/S075R04.edf' from 'https://physionet.org/files/eegmmidb/1.0.0/S075/S075R04.edf' to '/root/autodl-tmp/physionet/MNE-eegbci-data/files/eegmmidb/1.0.0'.
Downloading file 'S075/S075R08.edf' from 'https://physionet.org/files/eegmmidb/1.0.0/S075/S075R08.edf' to '/root/autodl-tmp/physionet/MNE-eegbci-data/files/eegmmidb/1.0.0'.
Downloading file 'S075/S075R12.edf' from 'https://physionet.org/files/eegmmidb/1.0.0/S075/S075R12.edf' to '/root/autodl-tmp/physionet/MNE-eegbci-data/files/eegmmidb/1.0.0'.
S075: 45 trials, 315 prediction rows
Downloading file 'S076/S076R04.edf' from 'https://physionet.org/files/eegmmidb/1.0.0/S076/S076R04.edf' to '/root/autodl-tmp/physionet/MNE-eegbci-data/files/eegmmidb/1.0.0'.
Downloading file 'S076/S076R08.edf' from 'https://physionet.org/files/eegmmidb/1.0.0/S076/S076R08.edf' to '/root/autodl-tmp/physionet/MNE-eegbci-data/files/eegmmidb/1.0.0'.
Downloading file 'S076/S076R12.edf' from 'https://physionet.org/files/eegmmidb/1.0.0/S076/S076R12.edf' to '/root/autodl-tmp/physionet/MNE-eegbci-data/files/eegmmidb/1.0.0'.
S076: 45 trials, 315 prediction rows
Downloading file 'S077/S077R04.edf' from 'https://physionet.org/files/eegmmidb/1.0.0/S077/S077R04.edf' to '/root/autodl-tmp/physionet/MNE-eegbci-data/files/eegmmidb/1.0.0'.
Downloading file 'S077/S077R08.edf' from 'https://physionet.org/files/eegmmidb/1.0.0/S077/S077R08.edf' to '/root/autodl-tmp/physionet/MNE-eegbci-data/files/eegmmidb/1.0.0'.
Downloading file 'S077/S077R12.edf' from 'https://physionet.org/files/eegmmidb/1.0.0/S077/S077R12.edf' to '/root/autodl-tmp/physionet/MNE-eegbci-data/files/eegmmidb/1.0.0'.
S077: 45 trials, 315 prediction rows
Downloading file 'S078/S078R04.edf' from 'https://physionet.org/files/eegmmidb/1.0.0/S078/S078R04.edf' to '/root/autodl-tmp/physionet/MNE-eegbci-data/files/eegmmidb/1.0.0'.
Downloading file 'S078/S078R08.edf' from 'https://physionet.org/files/eegmmidb/1.0.0/S078/S078R08.edf' to '/root/autodl-tmp/physionet/MNE-eegbci-data/files/eegmmidb/1.0.0'.
Downloading file 'S078/S078R12.edf' from 'https://physionet.org/files/eegmmidb/1.0.0/S078/S078R12.edf' to '/root/autodl-tmp/physionet/MNE-eegbci-data/files/eegmmidb/1.0.0'.
S078: 45 trials, 315 prediction rows
Downloading file 'S079/S079R04.edf' from 'https://physionet.org/files/eegmmidb/1.0.0/S079/S079R04.edf' to '/root/autodl-tmp/physionet/MNE-eegbci-data/files/eegmmidb/1.0.0'.
Downloading file 'S079/S079R08.edf' from 'https://physionet.org/files/eegmmidb/1.0.0/S079/S079R08.edf' to '/root/autodl-tmp/physionet/MNE-eegbci-data/files/eegmmidb/1.0.0'.
Downloading file 'S079/S079R12.edf' from 'https://physionet.org/files/eegmmidb/1.0.0/S079/S079R12.edf' to '/root/autodl-tmp/physionet/MNE-eegbci-data/files/eegmmidb/1.0.0'.
S079: 45 trials, 315 prediction rows
Downloading file 'S080/S080R04.edf' from 'https://physionet.org/files/eegmmidb/1.0.0/S080/S080R04.edf' to '/root/autodl-tmp/physionet/MNE-eegbci-data/files/eegmmidb/1.0.0'.
Downloading file 'S080/S080R08.edf' from 'https://physionet.org/files/eegmmidb/1.0.0/S080/S080R08.edf' to '/root/autodl-tmp/physionet/MNE-eegbci-data/files/eegmmidb/1.0.0'.
Downloading file 'S080/S080R12.edf' from 'https://physionet.org/files/eegmmidb/1.0.0/S080/S080R12.edf' to '/root/autodl-tmp/physionet/MNE-eegbci-data/files/eegmmidb/1.0.0'.
S080: 45 trials, 315 prediction rows
Downloading file 'S081/S081R04.edf' from 'https://physionet.org/files/eegmmidb/1.0.0/S081/S081R04.edf' to '/root/autodl-tmp/physionet/MNE-eegbci-data/files/eegmmidb/1.0.0'.
Downloading file 'S081/S081R08.edf' from 'https://physionet.org/files/eegmmidb/1.0.0/S081/S081R08.edf' to '/root/autodl-tmp/physionet/MNE-eegbci-data/files/eegmmidb/1.0.0'.
Downloading file 'S081/S081R12.edf' from 'https://physionet.org/files/eegmmidb/1.0.0/S081/S081R12.edf' to '/root/autodl-tmp/physionet/MNE-eegbci-data/files/eegmmidb/1.0.0'.
S081: 45 trials, 315 prediction rows
Downloading file 'S082/S082R04.edf' from 'https://physionet.org/files/eegmmidb/1.0.0/S082/S082R04.edf' to '/root/autodl-tmp/physionet/MNE-eegbci-data/files/eegmmidb/1.0.0'.
Downloading file 'S082/S082R08.edf' from 'https://physionet.org/files/eegmmidb/1.0.0/S082/S082R08.edf' to '/root/autodl-tmp/physionet/MNE-eegbci-data/files/eegmmidb/1.0.0'.
Downloading file 'S082/S082R12.edf' from 'https://physionet.org/files/eegmmidb/1.0.0/S082/S082R12.edf' to '/root/autodl-tmp/physionet/MNE-eegbci-data/files/eegmmidb/1.0.0'.
S082: 45 trials, 315 prediction rows
Downloading file 'S083/S083R04.edf' from 'https://physionet.org/files/eegmmidb/1.0.0/S083/S083R04.edf' to '/root/autodl-tmp/physionet/MNE-eegbci-data/files/eegmmidb/1.0.0'.
Downloading file 'S083/S083R08.edf' from 'https://physionet.org/files/eegmmidb/1.0.0/S083/S083R08.edf' to '/root/autodl-tmp/physionet/MNE-eegbci-data/files/eegmmidb/1.0.0'.
Downloading file 'S083/S083R12.edf' from 'https://physionet.org/files/eegmmidb/1.0.0/S083/S083R12.edf' to '/root/autodl-tmp/physionet/MNE-eegbci-data/files/eegmmidb/1.0.0'.
S083: 45 trials, 315 prediction rows
Downloading file 'S084/S084R04.edf' from 'https://physionet.org/files/eegmmidb/1.0.0/S084/S084R04.edf' to '/root/autodl-tmp/physionet/MNE-eegbci-data/files/eegmmidb/1.0.0'.
Downloading file 'S084/S084R08.edf' from 'https://physionet.org/files/eegmmidb/1.0.0/S084/S084R08.edf' to '/root/autodl-tmp/physionet/MNE-eegbci-data/files/eegmmidb/1.0.0'.
Downloading file 'S084/S084R12.edf' from 'https://physionet.org/files/eegmmidb/1.0.0/S084/S084R12.edf' to '/root/autodl-tmp/physionet/MNE-eegbci-data/files/eegmmidb/1.0.0'.
S084: 45 trials, 315 prediction rows
Downloading file 'S085/S085R04.edf' from 'https://physionet.org/files/eegmmidb/1.0.0/S085/S085R04.edf' to '/root/autodl-tmp/physionet/MNE-eegbci-data/files/eegmmidb/1.0.0'.
Downloading file 'S085/S085R08.edf' from 'https://physionet.org/files/eegmmidb/1.0.0/S085/S085R08.edf' to '/root/autodl-tmp/physionet/MNE-eegbci-data/files/eegmmidb/1.0.0'.
Downloading file 'S085/S085R12.edf' from 'https://physionet.org/files/eegmmidb/1.0.0/S085/S085R12.edf' to '/root/autodl-tmp/physionet/MNE-eegbci-data/files/eegmmidb/1.0.0'.
S085: 45 trials, 315 prediction rows
Downloading file 'S086/S086R04.edf' from 'https://physionet.org/files/eegmmidb/1.0.0/S086/S086R04.edf' to '/root/autodl-tmp/physionet/MNE-eegbci-data/files/eegmmidb/1.0.0'.
Downloading file 'S086/S086R08.edf' from 'https://physionet.org/files/eegmmidb/1.0.0/S086/S086R08.edf' to '/root/autodl-tmp/physionet/MNE-eegbci-data/files/eegmmidb/1.0.0'.
Downloading file 'S086/S086R12.edf' from 'https://physionet.org/files/eegmmidb/1.0.0/S086/S086R12.edf' to '/root/autodl-tmp/physionet/MNE-eegbci-data/files/eegmmidb/1.0.0'.
S086: 45 trials, 315 prediction rows
Downloading file 'S087/S087R04.edf' from 'https://physionet.org/files/eegmmidb/1.0.0/S087/S087R04.edf' to '/root/autodl-tmp/physionet/MNE-eegbci-data/files/eegmmidb/1.0.0'.
Downloading file 'S087/S087R08.edf' from 'https://physionet.org/files/eegmmidb/1.0.0/S087/S087R08.edf' to '/root/autodl-tmp/physionet/MNE-eegbci-data/files/eegmmidb/1.0.0'.
Downloading file 'S087/S087R12.edf' from 'https://physionet.org/files/eegmmidb/1.0.0/S087/S087R12.edf' to '/root/autodl-tmp/physionet/MNE-eegbci-data/files/eegmmidb/1.0.0'.
S087: 45 trials, 315 prediction rows
Downloading file 'S088/S088R04.edf' from 'https://physionet.org/files/eegmmidb/1.0.0/S088/S088R04.edf' to '/root/autodl-tmp/physionet/MNE-eegbci-data/files/eegmmidb/1.0.0'.
Downloading file 'S088/S088R08.edf' from 'https://physionet.org/files/eegmmidb/1.0.0/S088/S088R08.edf' to '/root/autodl-tmp/physionet/MNE-eegbci-data/files/eegmmidb/1.0.0'.
Downloading file 'S088/S088R12.edf' from 'https://physionet.org/files/eegmmidb/1.0.0/S088/S088R12.edf' to '/root/autodl-tmp/physionet/MNE-eegbci-data/files/eegmmidb/1.0.0'.
Traceback (most recent call last):
  File "/root/autodl-tmp/cross-subject-mi-eeg/scripts/q14_r1_migration.py", line 339, in <module>
    main()
  File "/root/autodl-tmp/cross-subject-mi-eeg/scripts/q14_r1_migration.py", line 335, in main
    run(args.data_dir, args.device)
  File "/root/autodl-tmp/cross-subject-mi-eeg/scripts/q14_r1_migration.py", line 277, in run
    arrays, meta, files = q14_external.load_one_external_subject(
                          ^^^^^^^^^^^^^^^^^^^^^^^^^^^^^^^^^^^^^^^
  File "/root/autodl-tmp/cross-subject-mi-eeg/scripts/q14_external.py", line 219, in load_one_external_subject
    raise AssertionError("External sampling rate changed")
AssertionError: External sampling rate changed
{"status": "pushed_with_skipped_files", "result_commit": "860c39503e44b99e717707ee3458f1c01d30a890", "reason": null}
[publish] attempt=1 status=pushed_with_skipped_files exit=0
